Archive member included to satisfy reference by file (symbol)

C:/ST/STM32CubeIDE_1.16.0/STM32CubeIDE/plugins/com.st.stm32cube.ide.mcu.externaltools.gnu-tools-for-stm32.12.3.rel1.win32_1.0.200.202406191623/tools/bin/../lib/gcc/arm-none-eabi/12.3.1/../../../../arm-none-eabi/lib/thumb/v8-m.main+fp/hard\libc_nano.a(libc_a-exit.o)
                              C:/ST/STM32CubeIDE_1.16.0/STM32CubeIDE/plugins/com.st.stm32cube.ide.mcu.externaltools.gnu-tools-for-stm32.12.3.rel1.win32_1.0.200.202406191623/tools/bin/../lib/gcc/arm-none-eabi/12.3.1/../../../../arm-none-eabi/lib/thumb/v8-m.main+fp/hard/crt0.o (exit)
C:/ST/STM32CubeIDE_1.16.0/STM32CubeIDE/plugins/com.st.stm32cube.ide.mcu.externaltools.gnu-tools-for-stm32.12.3.rel1.win32_1.0.200.202406191623/tools/bin/../lib/gcc/arm-none-eabi/12.3.1/../../../../arm-none-eabi/lib/thumb/v8-m.main+fp/hard\libc_nano.a(libc_a-findfp.o)
                              C:/ST/STM32CubeIDE_1.16.0/STM32CubeIDE/plugins/com.st.stm32cube.ide.mcu.externaltools.gnu-tools-for-stm32.12.3.rel1.win32_1.0.200.202406191623/tools/bin/../lib/gcc/arm-none-eabi/12.3.1/../../../../arm-none-eabi/lib/thumb/v8-m.main+fp/hard\libc_nano.a(libc_a-exit.o) (__stdio_exit_handler)
C:/ST/STM32CubeIDE_1.16.0/STM32CubeIDE/plugins/com.st.stm32cube.ide.mcu.externaltools.gnu-tools-for-stm32.12.3.rel1.win32_1.0.200.202406191623/tools/bin/../lib/gcc/arm-none-eabi/12.3.1/../../../../arm-none-eabi/lib/thumb/v8-m.main+fp/hard\libc_nano.a(libc_a-fwalk.o)
                              C:/ST/STM32CubeIDE_1.16.0/STM32CubeIDE/plugins/com.st.stm32cube.ide.mcu.externaltools.gnu-tools-for-stm32.12.3.rel1.win32_1.0.200.202406191623/tools/bin/../lib/gcc/arm-none-eabi/12.3.1/../../../../arm-none-eabi/lib/thumb/v8-m.main+fp/hard\libc_nano.a(libc_a-findfp.o) (_fwalk_sglue)
C:/ST/STM32CubeIDE_1.16.0/STM32CubeIDE/plugins/com.st.stm32cube.ide.mcu.externaltools.gnu-tools-for-stm32.12.3.rel1.win32_1.0.200.202406191623/tools/bin/../lib/gcc/arm-none-eabi/12.3.1/../../../../arm-none-eabi/lib/thumb/v8-m.main+fp/hard\libc_nano.a(libc_a-stdio.o)
                              C:/ST/STM32CubeIDE_1.16.0/STM32CubeIDE/plugins/com.st.stm32cube.ide.mcu.externaltools.gnu-tools-for-stm32.12.3.rel1.win32_1.0.200.202406191623/tools/bin/../lib/gcc/arm-none-eabi/12.3.1/../../../../arm-none-eabi/lib/thumb/v8-m.main+fp/hard\libc_nano.a(libc_a-findfp.o) (__sread)
C:/ST/STM32CubeIDE_1.16.0/STM32CubeIDE/plugins/com.st.stm32cube.ide.mcu.externaltools.gnu-tools-for-stm32.12.3.rel1.win32_1.0.200.202406191623/tools/bin/../lib/gcc/arm-none-eabi/12.3.1/../../../../arm-none-eabi/lib/thumb/v8-m.main+fp/hard\libc_nano.a(libc_a-memset.o)
                              C:/ST/STM32CubeIDE_1.16.0/STM32CubeIDE/plugins/com.st.stm32cube.ide.mcu.externaltools.gnu-tools-for-stm32.12.3.rel1.win32_1.0.200.202406191623/tools/bin/../lib/gcc/arm-none-eabi/12.3.1/../../../../arm-none-eabi/lib/thumb/v8-m.main+fp/hard/crt0.o (memset)
C:/ST/STM32CubeIDE_1.16.0/STM32CubeIDE/plugins/com.st.stm32cube.ide.mcu.externaltools.gnu-tools-for-stm32.12.3.rel1.win32_1.0.200.202406191623/tools/bin/../lib/gcc/arm-none-eabi/12.3.1/../../../../arm-none-eabi/lib/thumb/v8-m.main+fp/hard\libc_nano.a(libc_a-closer.o)
                              C:/ST/STM32CubeIDE_1.16.0/STM32CubeIDE/plugins/com.st.stm32cube.ide.mcu.externaltools.gnu-tools-for-stm32.12.3.rel1.win32_1.0.200.202406191623/tools/bin/../lib/gcc/arm-none-eabi/12.3.1/../../../../arm-none-eabi/lib/thumb/v8-m.main+fp/hard\libc_nano.a(libc_a-stdio.o) (_close_r)
C:/ST/STM32CubeIDE_1.16.0/STM32CubeIDE/plugins/com.st.stm32cube.ide.mcu.externaltools.gnu-tools-for-stm32.12.3.rel1.win32_1.0.200.202406191623/tools/bin/../lib/gcc/arm-none-eabi/12.3.1/../../../../arm-none-eabi/lib/thumb/v8-m.main+fp/hard\libc_nano.a(libc_a-reent.o)
                              C:/ST/STM32CubeIDE_1.16.0/STM32CubeIDE/plugins/com.st.stm32cube.ide.mcu.externaltools.gnu-tools-for-stm32.12.3.rel1.win32_1.0.200.202406191623/tools/bin/../lib/gcc/arm-none-eabi/12.3.1/../../../../arm-none-eabi/lib/thumb/v8-m.main+fp/hard\libc_nano.a(libc_a-closer.o) (errno)
C:/ST/STM32CubeIDE_1.16.0/STM32CubeIDE/plugins/com.st.stm32cube.ide.mcu.externaltools.gnu-tools-for-stm32.12.3.rel1.win32_1.0.200.202406191623/tools/bin/../lib/gcc/arm-none-eabi/12.3.1/../../../../arm-none-eabi/lib/thumb/v8-m.main+fp/hard\libc_nano.a(libc_a-impure.o)
                              C:/ST/STM32CubeIDE_1.16.0/STM32CubeIDE/plugins/com.st.stm32cube.ide.mcu.externaltools.gnu-tools-for-stm32.12.3.rel1.win32_1.0.200.202406191623/tools/bin/../lib/gcc/arm-none-eabi/12.3.1/../../../../arm-none-eabi/lib/thumb/v8-m.main+fp/hard\libc_nano.a(libc_a-reent.o) (_impure_ptr)
C:/ST/STM32CubeIDE_1.16.0/STM32CubeIDE/plugins/com.st.stm32cube.ide.mcu.externaltools.gnu-tools-for-stm32.12.3.rel1.win32_1.0.200.202406191623/tools/bin/../lib/gcc/arm-none-eabi/12.3.1/../../../../arm-none-eabi/lib/thumb/v8-m.main+fp/hard\libc_nano.a(libc_a-lseekr.o)
[...]
Memory Configuration

Name             Origin             Length             Attributes
RAM              0x20000000         0x000a0000         xrw
FLASH            0x08000000         0x00200000         xr
*default*        0x00000000         0xffffffff

Linker script and memory map

LOAD C:/ST/STM32CubeIDE_1.16.0/STM32CubeIDE/plugins/com.st.stm32cube.ide.mcu.externaltools.gnu-tools-for-stm32.12.3.rel1.win32_1.0.200.202406191623/tools/bin/../lib/gcc/arm-none-eabi/12.3.1/thumb/v8-m.main+fp/hard/crti.o
LOAD C:/ST/STM32CubeIDE_1.16.0/STM32CubeIDE/plugins/com.st.stm32cube.ide.mcu.externaltools.gnu-tools-for-stm32.12.3.rel1.win32_1.0.200.202406191623/tools/bin/../lib/gcc/arm-none-eabi/12.3.1/thumb/v8-m.main+fp/hard/crtbegin.o
LOAD C:/ST/STM32CubeIDE_1.16.0/STM32CubeIDE/plugins/com.st.stm32cube.ide.mcu.externaltools.gnu-tools-for-stm32.12.3.rel1.win32_1.0.200.202406191623/tools/bin/../lib/gcc/arm-none-eabi/12.3.1/../../../../arm-none-eabi/lib/thumb/v8-m.main+fp/hard/crt0.o
LOAD ./Core/Src/gpio.o
LOAD ./Core/Src/main.o
LOAD ./Core/Src/memorymap.o
LOAD ./Core/Src/stm32h5xx_hal_msp.o
LOAD ./Core/Src/stm32h5xx_it.o
LOAD ./Core/Src/syscalls.o
LOAD ./Core/Src/sysmem.o
LOAD ./Core/Src/system_stm32h5xx.o
LOAD ./Core/Src/tim.o
LOAD ./Core/Startup/startup_stm32h563zitx.o
LOAD ./Drivers/STM32H5xx_HAL_Driver/Src/stm32h5xx_hal.o
LOAD ./Drivers/STM32H5xx_HAL_Driver/Src/stm32h5xx_hal_cortex.o
LOAD ./Drivers/STM32H5xx_HAL_Driver/Src/stm32h5xx_hal_dma.o
LOAD ./Drivers/STM32H5xx_HAL_Driver/Src/stm32h5xx_hal_dma_ex.o
LOAD ./Drivers/STM32H5xx_HAL_Driver/Src/stm32h5xx_hal_exti.o
LOAD ./Drivers/STM32H5xx_HAL_Driver/Src/stm32h5xx_hal_flash.o
LOAD ./Drivers/STM32H5xx_HAL_Driver/Src/stm32h5xx_hal_flash_ex.o
LOAD ./Drivers/STM32H5xx_HAL_Driver/Src/stm32h5xx_hal_gpio.o
LOAD ./Drivers/STM32H5xx_HAL_Driver/Src/stm32h5xx_hal_pwr.o
LOAD ./Drivers/STM32H5xx_HAL_Driver/Src/stm32h5xx_hal_pwr_ex.o
LOAD ./Drivers/STM32H5xx_HAL_Driver/Src/stm32h5xx_hal_rcc.o
LOAD ./Drivers/STM32H5xx_HAL_Driver/Src/stm32h5xx_hal_rcc_ex.o
LOAD ./Drivers/STM32H5xx_HAL_Driver/Src/stm32h5xx_hal_tim.o
LOAD ./Drivers/STM32H5xx_HAL_Driver/Src/stm32h5xx_hal_tim_ex.o
START GROUP
LOAD C:/ST/STM32CubeIDE_1.16.0/STM32CubeIDE/plugins/com.st.stm32cube.ide.mcu.externaltools.gnu-tools-for-stm32.12.3.rel1.win32_1.0.200.202406191623/tools/bin/../lib/gcc/arm-none-eabi/12.3.1/../../../../arm-none-eabi/lib/thumb/v8-m.main+fp/hard\libc_nano.a
LOAD C:/ST/STM32CubeIDE_1.16.0/STM32CubeIDE/plugins/com.st.stm32cube.ide.mcu.externaltools.gnu-tools-for-stm32.12.3.rel1.win32_1.0.200.202406191623/tools/bin/../lib/gcc/arm-none-eabi/12.3.1/../../../../arm-none-eabi/lib/thumb/v8-m.main+fp/hard\libm.a
END GROUP
START GROUP
LOAD C:/ST/STM32CubeIDE_1.16.0/STM32CubeIDE/plugins/com.st.stm32cube.ide.mcu.externaltools.gnu-tools-for-stm32.12.3.rel1.win32_1.0.200.202406191623/tools/bin/../lib/gcc/arm-none-eabi/12.3.1/thumb/v8-m.main+fp/hard\libgcc.a
LOAD C:/ST/STM32CubeIDE_1.16.0/STM32CubeIDE/plugins/com.st.stm32cube.ide.mcu.externaltools.gnu-tools-for-stm32.12.3.rel1.win32_1.0.200.202406191623/tools/bin/../lib/gcc/arm-none-eabi/12.3.1/../../../../arm-none-eabi/lib/thumb/v8-m.main+fp/hard\libc_nano.a
END GROUP
START GROUP
LOAD C:/ST/STM32CubeIDE_1.16.0/STM32CubeIDE/plugins/com.st.stm32cube.ide.mcu.externaltools.gnu-tools-for-stm32.12.3.rel1.win32_1.0.200.202406191623/tools/bin/../lib/gcc/arm-none-eabi/12.3.1/thumb/v8-m.main+fp/hard\libgcc.a
LOAD C:/ST/STM32CubeIDE_1.16.0/STM32CubeIDE/plugins/com.st.stm32cube.ide.mcu.externaltools.gnu-tools-for-stm32.12.3.rel1.win32_1.0.200.202406191623/tools/bin/../lib/gcc/arm-none-eabi/12.3.1/../../../../arm-none-eabi/lib/thumb/v8-m.main+fp/hard\libc_nano.a
LOAD C:/ST/STM32CubeIDE_1.16.0/STM32CubeIDE/plugins/com.st.stm32cube.ide.mcu.externaltools.gnu-tools-for-stm32.12.3.rel1.win32_1.0.200.202406191623/tools/bin/../lib/gcc/arm-none-eabi/12.3.1/../../../../arm-none-eabi/lib/thumb/v8-m.main+fp/hard\libnosys.a
END GROUP
START GROUP
LOAD C:/ST/STM32CubeIDE_1.16.0/STM32CubeIDE/plugins/com.st.stm32cube.ide.mcu.externaltools.gnu-tools-for-stm32.12.3.rel1.win32_1.0.200.202406191623/tools/bin/../lib/gcc/arm-none-eabi/12.3.1/thumb/v8-m.main+fp/hard\libgcc.a
LOAD C:/ST/STM32CubeIDE_1.16.0/STM32CubeIDE/plugins/com.st.stm32cube.ide.mcu.externaltools.gnu-tools-for-stm32.12.3.rel1.win32_1.0.200.202406191623/tools/bin/../lib/gcc/arm-none-eabi/12.3.1/../../../../arm-none-eabi/lib/thumb/v8-m.main+fp/hard\libc_nano.a
LOAD C:/ST/STM32CubeIDE_1.16.0/STM32CubeIDE/plugins/com.st.stm32cube.ide.mcu.externaltools.gnu-tools-for-stm32.12.3.rel1.win32_1.0.200.202406191623/tools/bin/../lib/gcc/arm-none-eabi/12.3.1/../../../../arm-none-eabi/lib/thumb/v8-m.main+fp/hard\libnosys.a
END GROUP
LOAD C:/ST/STM32CubeIDE_1.16.0/STM32CubeIDE/plugins/com.st.stm32cube.ide.mcu.externaltools.gnu-tools-for-stm32.12.3.rel1.win32_1.0.200.202406191623/tools/bin/../lib/gcc/arm-none-eabi/12.3.1/thumb/v8-m.main+fp/hard/crtend.o
LOAD C:/ST/STM32CubeIDE_1.16.0/STM32CubeIDE/plugins/com.st.stm32cube.ide.mcu.externaltools.gnu-tools-for-stm32.12.3.rel1.win32_1.0.200.202406191623/tools/bin/../lib/gcc/arm-none-eabi/12.3.1/thumb/v8-m.main+fp/hard/crtn.o
                0x200a0000                        _estack = (ORIGIN (RAM) + LENGTH (RAM))
                0x00000200                        _Min_Heap_Size = 0x200
                0x00000400                        _Min_Stack_Size = 0x400

.isr_vector     0x08000000      0x24c
                0x08000000                        . = ALIGN (0x4)
 *(.isr_vector)
 .isr_vector    0x08000000      0x24c ./Core/Startup/startup_stm32h563zitx.o
                0x08000000                g_pfnVectors
                0x0800024c                        . = ALIGN (0x4)

.text           0x0800024c     0x298c
                0x0800024c                        . = ALIGN (0x4)
 *(.text)
 .text          0x0800024c       0x40 C:/ST/STM32CubeIDE_1.16.0/STM32CubeIDE/plugins/com.st.stm32cube.ide.mcu.externaltools.gnu-tools-for-stm32.12.3.rel1.win32_1.0.200.202406191623/tools/bin/../lib/gcc/arm-none-eabi/12.3.1/thumb/v8-m.main+fp/hard/crtbegin.o
 *(.text*)
 .text.MX_GPIO_Init
                0x0800028c      0x194 ./Core/Src/gpio.o
                0x0800028c                MX_GPIO_Init
 .text.main     0x08000420       0xac ./Core/Src/main.o
                0x08000420                main
 .text.SystemClock_Config
                0x080004cc       0xe8 ./Core/Src/main.o
                0x080004cc                SystemClock_Config
 .text.HAL_GPIO_EXTI_Rising_Callback
                0x080005b4       0x94 ./Core/Src/main.o
                0x080005b4                HAL_GPIO_EXTI_Rising_Callback
 .text.Error_Handler
                0x08000648        0xc ./Core/Src/main.o
                0x08000648                Error_Handler
 .text.HAL_MspInit
                0x08000654        0xe ./Core/Src/stm32h5xx_hal_msp.o
                0x08000654                HAL_MspInit
 .text.NMI_Handler
                0x08000662        0x8 ./Core/Src/stm32h5xx_it.o
                0x08000662                NMI_Handler
 .text.HardFault_Handler
                0x0800066a        0x8 ./Core/Src/stm32h5xx_it.o
                0x0800066a                HardFault_Handler
 .text.MemManage_Handler
                0x08000672        0x8 ./Core/Src/stm32h5xx_it.o
                0x08000672                MemManage_Handler
 .text.BusFault_Handler
                0x0800067a        0x8 ./Core/Src/stm32h5xx_it.o
                0x0800067a                BusFault_Handler
 .text.UsageFault_Handler
                0x08000682        0x8 ./Core/Src/stm32h5xx_it.o
                0x08000682                UsageFault_Handler
 .text.SVC_Handler
                0x0800068a        0xe ./Core/Src/stm32h5xx_it.o
                0x0800068a                SVC_Handler
 .text.DebugMon_Handler
                0x08000698        0xe ./Core/Src/stm32h5xx_it.o
                0x08000698                DebugMon_Handler
 .text.PendSV_Handler
                0x080006a6        0xe ./Core/Src/stm32h5xx_it.o
                0x080006a6                PendSV_Handler
 .text.SysTick_Handler
                0x080006b4        0xc ./Core/Src/stm32h5xx_it.o
                0x080006b4                SysTick_Handler
 .text.EXTI0_IRQHandler
                0x080006c0        0xe ./Core/Src/stm32h5xx_it.o
                0x080006c0                EXTI0_IRQHandler
 .text.EXTI13_IRQHandler
                0x080006ce       0x10 ./Core/Src/stm32h5xx_it.o
                0x080006ce                EXTI13_IRQHandler
 .text.EXTI14_IRQHandler
                0x080006de       0x10 ./Core/Src/stm32h5xx_it.o
                0x080006de                EXTI14_IRQHandler
 .text.EXTI15_IRQHandler
                0x080006ee       0x10 ./Core/Src/stm32h5xx_it.o
                0x080006ee                EXTI15_IRQHandler
 *fill*         0x080006fe        0x2 
 .text.TIM3_IRQHandler
                0x08000700       0x20 ./Core/Src/stm32h5xx_it.o
                0x08000700                TIM3_IRQHandler
 .text.SystemInit
                0x08000720       0xf8 ./Core/Src/system_stm32h5xx.o
                0x08000720                SystemInit
 .text.MX_TIM3_Init
                0x08000818       0x90 ./Core/Src/tim.o
                0x08000818                MX_TIM3_Init
 .text.HAL_TIM_Base_MspInit
                0x080008a8       0x50 ./Core/Src/tim.o
                0x080008a8                HAL_TIM_Base_MspInit
 .text.Reset_Handler
                0x080008f8       0x50 ./Core/Startup/startup_stm32h563zitx.o
                0x080008f8                Reset_Handler
 .text.Default_Handler
                0x08000948        0x2 ./Core/Startup/startup_stm32h563zitx.o
                0x08000948                EXTI2_IRQHandler
                0x08000948                TIM8_TRG_COM_IRQHandler
                0x08000948                TIM8_CC_IRQHandler
                0x08000948                EXTI5_IRQHandler
                0x08000948                I3C1_ER_IRQHandler
                0x08000948                UART8_IRQHandler
                0x08000948                SPI4_IRQHandler
                0x08000948                GPDMA2_Channel1_IRQHandler
                0x08000948                FLASH_S_IRQHandler
                0x08000948                TIM1_CC_IRQHandler
                0x08000948                GPDMA2_Channel3_IRQHandler
                0x08000948                TAMP_IRQHandler
                0x08000948                TIM6_IRQHandler
                0x08000948                EXTI12_IRQHandler
                0x08000948                CORDIC_IRQHandler
                0x08000948                USB_DRD_FS_IRQHandler
                0x08000948                EXTI3_IRQHandler
                0x08000948                LPTIM4_IRQHandler
                0x08000948                GPDMA1_Channel5_IRQHandler
                0x08000948                EXTI8_IRQHandler
                0x08000948                GPDMA2_Channel5_IRQHandler
                0x08000948                LPTIM2_IRQHandler
                0x08000948                I2C3_ER_IRQHandler
                0x08000948                GPDMA2_Channel2_IRQHandler
                0x08000948                USART10_IRQHandler
                0x08000948                LPTIM3_IRQHandler
                0x08000948                I2C2_EV_IRQHandler
                0x08000948                FPU_IRQHandler
                0x08000948                GPDMA1_Channel3_IRQHandler
                0x08000948                GPDMA1_Channel7_IRQHandler
                0x08000948                FDCAN1_IT1_IRQHandler
                0x08000948                RAMCFG_IRQHandler
                0x08000948                DCACHE1_IRQHandler
                0x08000948                SPI1_IRQHandler
                0x08000948                OCTOSPI1_IRQHandler
                0x08000948                GPDMA1_Channel2_IRQHandler
                0x08000948                TIM8_UP_IRQHandler
                0x08000948                RCC_S_IRQHandler
                0x08000948                SAI2_IRQHandler
                0x08000948                ADC1_IRQHandler
                0x08000948                USART6_IRQHandler
                0x08000948                TIM17_IRQHandler
                0x08000948                USART3_IRQHandler
                0x08000948                RTC_IRQHandler
                0x08000948                EXTI9_IRQHandler
                0x08000948                LPTIM5_IRQHandler
                0x08000948                UART5_IRQHandler
                0x08000948                TIM4_IRQHandler
                0x08000948                I2C1_EV_IRQHandler
                0x08000948                GPDMA1_Channel1_IRQHandler
                0x08000948                TIM16_IRQHandler
                0x08000948                UART4_IRQHandler
                0x08000948                SecureFault_Handler
                0x08000948                RCC_IRQHandler
                0x08000948                UART9_IRQHandler
                0x08000948                TIM1_TRG_COM_IRQHandler
                0x08000948                Default_Handler
                0x08000948                FMAC_IRQHandler
                0x08000948                CEC_IRQHandler
                0x08000948                USART11_IRQHandler
                0x08000948                TIM14_IRQHandler
                0x08000948                TIM13_IRQHandler
                0x08000948                GPDMA2_Channel4_IRQHandler
                0x08000948                SPI5_IRQHandler
                0x08000948                TIM12_IRQHandler
                0x08000948                TIM7_IRQHandler
                0x08000948                SDMMC1_IRQHandler
                0x08000948                TIM5_IRQHandler
                0x08000948                UCPD1_IRQHandler
                0x08000948                GPDMA1_Channel0_IRQHandler
                0x08000948                I3C1_EV_IRQHandler
                0x08000948                TIM15_IRQHandler
                0x08000948                PVD_AVD_IRQHandler
                0x08000948                I2C3_EV_IRQHandler
                0x08000948                ETH_WKUP_IRQHandler
                0x08000948                ADC2_IRQHandler
                0x08000948                SPI2_IRQHandler
                0x08000948                EXTI11_IRQHandler
                0x08000948                CRS_IRQHandler
                0x08000948                EXTI4_IRQHandler
                0x08000948                GPDMA2_Channel0_IRQHandler
                0x08000948                RTC_S_IRQHandler
                0x08000948                RNG_IRQHandler
                0x08000948                FDCAN2_IT1_IRQHandler
                0x08000948                ETH_IRQHandler
                0x08000948                GPDMA2_Channel6_IRQHandler
                0x08000948                TIM1_UP_IRQHandler
                0x08000948                UART12_IRQHandler
                0x08000948                WWDG_IRQHandler
                0x08000948                SPI6_IRQHandler
                0x08000948                I2C4_EV_IRQHandler
                0x08000948                FDCAN2_IT0_IRQHandler
                0x08000948                IWDG_IRQHandler
                0x08000948                LPUART1_IRQHandler
                0x08000948                FDCAN1_IT0_IRQHandler
                0x08000948                TIM2_IRQHandler
                0x08000948                GPDMA1_Channel4_IRQHandler
                0x08000948                EXTI7_IRQHandler
                0x08000948                TIM1_BRK_IRQHandler
                0x08000948                EXTI1_IRQHandler
                0x08000948                SDMMC2_IRQHandler
                0x08000948                LPTIM6_IRQHandler
                0x08000948                DAC1_IRQHandler
                0x08000948                DTS_IRQHandler
                0x08000948                UART7_IRQHandler
                0x08000948                GTZC_IRQHandler
                0x08000948                USART2_IRQHandler
                0x08000948                GPDMA1_Channel6_IRQHandler
                0x08000948                GPDMA2_Channel7_IRQHandler
                0x08000948                I2C2_ER_IRQHandler
                0x08000948                TIM8_BRK_IRQHandler
                0x08000948                FLASH_IRQHandler
                0x08000948                USART1_IRQHandler
                0x08000948                EXTI10_IRQHandler
                0x08000948                SPI3_IRQHandler
                0x08000948                I2C1_ER_IRQHandler
                0x08000948                FMC_IRQHandler
                0x08000948                EXTI6_IRQHandler
                0x08000948                LPTIM1_IRQHandler
                0x08000948                DCMI_PSSI_IRQHandler
                0x08000948                I2C4_ER_IRQHandler
                0x08000948                ICACHE_IRQHandler
                0x08000948                SAI1_IRQHandler
                0x08000948                HASH_IRQHandler
 *fill*         0x0800094a        0x2 
 .text.HAL_Init
                0x0800094c       0x50 ./Drivers/STM32H5xx_HAL_Driver/Src/stm32h5xx_hal.o
                0x0800094c                HAL_Init
 .text.HAL_InitTick
                0x0800099c       0xec ./Drivers/STM32H5xx_HAL_Driver/Src/stm32h5xx_hal.o
                0x0800099c                HAL_InitTick
 .text.HAL_IncTick
                0x08000a88       0x28 ./Drivers/STM32H5xx_HAL_Driver/Src/stm32h5xx_hal.o
                0x08000a88                HAL_IncTick
 .text.HAL_GetTick
                0x08000ab0       0x18 ./Drivers/STM32H5xx_HAL_Driver/Src/stm32h5xx_hal.o
                0x08000ab0                HAL_GetTick
 .text.__NVIC_SetPriorityGrouping
                0x08000ac8       0x48 ./Drivers/STM32H5xx_HAL_Driver/Src/stm32h5xx_hal_cortex.o
 .text.__NVIC_GetPriorityGrouping
                0x08000b10       0x1c ./Drivers/STM32H5xx_HAL_Driver/Src/stm32h5xx_hal_cortex.o
 .text.__NVIC_EnableIRQ
                0x08000b2c       0x3c ./Drivers/STM32H5xx_HAL_Driver/Src/stm32h5xx_hal_cortex.o
 .text.__NVIC_SetPriority
                0x08000b68       0x54 ./Drivers/STM32H5xx_HAL_Driver/Src/stm32h5xx_hal_cortex.o
 .text.NVIC_EncodePriority
                0x08000bbc       0x66 ./Drivers/STM32H5xx_HAL_Driver/Src/stm32h5xx_hal_cortex.o
 .text.HAL_NVIC_SetPriorityGrouping
                0x08000c22       0x16 ./Drivers/STM32H5xx_HAL_Driver/Src/stm32h5xx_hal_cortex.o
                0x08000c22                HAL_NVIC_SetPriorityGrouping
 .text.HAL_NVIC_SetPriority
                0x08000c38       0x34 ./Drivers/STM32H5xx_HAL_Driver/Src/stm32h5xx_hal_cortex.o
                0x08000c38                HAL_NVIC_SetPriority
 .text.HAL_NVIC_EnableIRQ
                0x08000c6c       0x1c ./Drivers/STM32H5xx_HAL_Driver/Src/stm32h5xx_hal_cortex.o
                0x08000c6c                HAL_NVIC_EnableIRQ
 .text.HAL_SYSTICK_Config
                0x08000c88       0x44 ./Drivers/STM32H5xx_HAL_Driver/Src/stm32h5xx_hal_cortex.o
                0x08000c88                HAL_SYSTICK_Config
 .text.HAL_SYSTICK_CLKSourceConfig
                0x08000ccc       0xb0 ./Drivers/STM32H5xx_HAL_Driver/Src/stm32h5xx_hal_cortex.o
                0x08000ccc                HAL_SYSTICK_CLKSourceConfig
 .text.HAL_SYSTICK_GetCLKSourceConfig
                0x08000d7c       0x6c ./Drivers/STM32H5xx_HAL_Driver/Src/stm32h5xx_hal_cortex.o
                0x08000d7c                HAL_SYSTICK_GetCLKSourceConfig
 .text.HAL_GPIO_Init
                0x08000de8      0x2a4 ./Drivers/STM32H5xx_HAL_Driver/Src/stm32h5xx_hal_gpio.o
                0x08000de8                HAL_GPIO_Init
 .text.HAL_GPIO_WritePin
                0x0800108c       0x30 ./Drivers/STM32H5xx_HAL_Driver/Src/stm32h5xx_hal_gpio.o
                0x0800108c                HAL_GPIO_WritePin
 .text.HAL_GPIO_TogglePin
                0x080010bc       0x34 ./Drivers/STM32H5xx_HAL_Driver/Src/stm32h5xx_hal_gpio.o
                0x080010bc                HAL_GPIO_TogglePin
 .text.HAL_GPIO_EXTI_IRQHandler
                0x080010f0       0x4c ./Drivers/STM32H5xx_HAL_Driver/Src/stm32h5xx_hal_gpio.o
                0x080010f0                HAL_GPIO_EXTI_IRQHandler
 .text.HAL_GPIO_EXTI_Falling_Callback
                0x0800113c       0x16 ./Drivers/STM32H5xx_HAL_Driver/Src/stm32h5xx_hal_gpio.o
                0x0800113c                HAL_GPIO_EXTI_Falling_Callback
 *fill*         0x08001152        0x2 
 .text.HAL_RCC_OscConfig
                0x08001154      0x870 ./Drivers/STM32H5xx_HAL_Driver/Src/stm32h5xx_hal_rcc.o
                0x08001154                HAL_RCC_OscConfig
 .text.HAL_RCC_ClockConfig
                0x080019c4      0x370 ./Drivers/STM32H5xx_HAL_Driver/Src/stm32h5xx_hal_rcc.o
                0x080019c4                HAL_RCC_ClockConfig
 .text.HAL_RCC_GetSysClockFreq
                0x08001d34      0x258 ./Drivers/STM32H5xx_HAL_Driver/Src/stm32h5xx_hal_rcc.o
                0x08001d34                HAL_RCC_GetSysClockFreq
 .text.HAL_RCC_GetHCLKFreq
                0x08001f8c       0x38 ./Drivers/STM32H5xx_HAL_Driver/Src/stm32h5xx_hal_rcc.o
                0x08001f8c                HAL_RCC_GetHCLKFreq
 .text.HAL_TIM_Base_Init
                0x08001fc4       0xae ./Drivers/STM32H5xx_HAL_Driver/Src/stm32h5xx_hal_tim.o
                0x08001fc4                HAL_TIM_Base_Init
 .text.HAL_TIM_IRQHandler
                0x08002072      0x29e ./Drivers/STM32H5xx_HAL_Driver/Src/stm32h5xx_hal_tim.o
                0x08002072                HAL_TIM_IRQHandler
 .text.HAL_TIM_ConfigClockSource
                0x08002310      0x23c ./Drivers/STM32H5xx_HAL_Driver/Src/stm32h5xx_hal_tim.o
                0x08002310                HAL_TIM_ConfigClockSource
 .text.HAL_TIM_PeriodElapsedCallback
                0x0800254c       0x14 ./Drivers/STM32H5xx_HAL_Driver/Src/stm32h5xx_hal_tim.o
                0x0800254c                HAL_TIM_PeriodElapsedCallback
 .text.HAL_TIM_OC_DelayElapsedCallback
                0x08002560       0x14 ./Drivers/STM32H5xx_HAL_Driver/Src/stm32h5xx_hal_tim.o
                0x08002560                HAL_TIM_OC_DelayElapsedCallback
 .text.HAL_TIM_IC_CaptureCallback
                0x08002574       0x14 ./Drivers/STM32H5xx_HAL_Driver/Src/stm32h5xx_hal_tim.o
                0x08002574                HAL_TIM_IC_CaptureCallback
 .text.HAL_TIM_PWM_PulseFinishedCallback
                0x08002588       0x14 ./Drivers/STM32H5xx_HAL_Driver/Src/stm32h5xx_hal_tim.o
                0x08002588                HAL_TIM_PWM_PulseFinishedCallback
 .text.HAL_TIM_TriggerCallback
                0x0800259c       0x14 ./Drivers/STM32H5xx_HAL_Driver/Src/stm32h5xx_hal_tim.o
                0x0800259c                HAL_TIM_TriggerCallback
 .text.TIM_Base_SetConfig
                0x080025b0      0x254 ./Drivers/STM32H5xx_HAL_Driver/Src/stm32h5xx_hal_tim.o
                0x080025b0                TIM_Base_SetConfig
 .text.TIM_TI1_ConfigInputStage
                0x08002804       0x5e ./Drivers/STM32H5xx_HAL_Driver/Src/stm32h5xx_hal_tim.o
 .text.TIM_TI2_ConfigInputStage
                0x08002862       0x60 ./Drivers/STM32H5xx_HAL_Driver/Src/stm32h5xx_hal_tim.o
 .text.TIM_ITRx_SetConfig
                0x080028c2       0x3a ./Drivers/STM32H5xx_HAL_Driver/Src/stm32h5xx_hal_tim.o
 .text.TIM_ETR_SetConfig
                0x080028fc       0x40 ./Drivers/STM32H5xx_HAL_Driver/Src/stm32h5xx_hal_tim.o
                0x080028fc                TIM_ETR_SetConfig
 .text.HAL_TIMEx_MasterConfigSynchronization
                0x0800293c      0x1a0 ./Drivers/STM32H5xx_HAL_Driver/Src/stm32h5xx_hal_tim_ex.o
                0x0800293c                HAL_TIMEx_MasterConfigSynchronization
 .text.HAL_TIMEx_CommutCallback
                0x08002adc       0x14 ./Drivers/STM32H5xx_HAL_Driver/Src/stm32h5xx_hal_tim_ex.o
                0x08002adc                HAL_TIMEx_CommutCallback
 .text.HAL_TIMEx_BreakCallback
                0x08002af0       0x14 ./Drivers/STM32H5xx_HAL_Driver/Src/stm32h5xx_hal_tim_ex.o
                0x08002af0                HAL_TIMEx_BreakCallback
 .text.HAL_TIMEx_Break2Callback
                0x08002b04       0x14 ./Drivers/STM32H5xx_HAL_Driver/Src/stm32h5xx_hal_tim_ex.o
                0x08002b04                HAL_TIMEx_Break2Callback
 .text.HAL_TIMEx_EncoderIndexCallback
                0x08002b18       0x14 ./Drivers/STM32H5xx_HAL_Driver/Src/stm32h5xx_hal_tim_ex.o
                0x08002b18                HAL_TIMEx_EncoderIndexCallback
 .text.HAL_TIMEx_DirectionChangeCallback
                0x08002b2c       0x14 ./Drivers/STM32H5xx_HAL_Driver/Src/stm32h5xx_hal_tim_ex.o
                0x08002b2c                HAL_TIMEx_DirectionChangeCallback
 .text.HAL_TIMEx_IndexErrorCallback
                0x08002b40       0x14 ./Drivers/STM32H5xx_HAL_Driver/Src/stm32h5xx_hal_tim_ex.o
                0x08002b40                HAL_TIMEx_IndexErrorCallback
 .text.HAL_TIMEx_TransitionErrorCallback
                0x08002b54       0x14 ./Drivers/STM32H5xx_HAL_Driver/Src/stm32h5xx_hal_tim_ex.o
                0x08002b54                HAL_TIMEx_TransitionErrorCallback
 .text.memset   0x08002b68       0x10 C:/ST/STM32CubeIDE_1.16.0/STM32CubeIDE/plugins/com.st.stm32cube.ide.mcu.externaltools.gnu-tools-for-stm32.12.3.rel1.win32_1.0.200.202406191623/tools/bin/../lib/gcc/arm-none-eabi/12.3.1/../../../../arm-none-eabi/lib/thumb/v8-m.main+fp/hard\libc_nano.a(libc_a-memset.o)
                0x08002b68                memset
 .text.__libc_init_array
                0x08002b78       0x48 C:/ST/STM32CubeIDE_1.16.0/STM32CubeIDE/plugins/com.st.stm32cube.ide.mcu.externaltools.gnu-tools-for-stm32.12.3.rel1.win32_1.0.200.202406191623/tools/bin/../lib/gcc/arm-none-eabi/12.3.1/../../../../arm-none-eabi/lib/thumb/v8-m.main+fp/hard\libc_nano.a(libc_a-init.o)
                0x08002b78                __libc_init_array
 *(.glue_7)
 .glue_7        0x08002bc0        0x0 linker stubs
 *(.glue_7t)
 .glue_7t       0x08002bc0        0x0 linker stubs
 *(.eh_frame)
 .eh_frame      0x08002bc0        0x0 C:/ST/STM32CubeIDE_1.16.0/STM32CubeIDE/plugins/com.st.stm32cube.ide.mcu.externaltools.gnu-tools-for-stm32.12.3.rel1.win32_1.0.200.202406191623/tools/bin/../lib/gcc/arm-none-eabi/12.3.1/thumb/v8-m.main+fp/hard/crtbegin.o
 *(.init)
 .init          0x08002bc0        0x4 C:/ST/STM32CubeIDE_1.16.0/STM32CubeIDE/plugins/com.st.stm32cube.ide.mcu.externaltools.gnu-tools-for-stm32.12.3.rel1.win32_1.0.200.202406191623/tools/bin/../lib/gcc/arm-none-eabi/12.3.1/thumb/v8-m.main+fp/hard/crti.o
                0x08002bc0                _init
 .init          0x08002bc4        0x8 C:/ST/STM32CubeIDE_1.16.0/STM32CubeIDE/plugins/com.st.stm32cube.ide.mcu.externaltools.gnu-tools-for-stm32.12.3.rel1.win32_1.0.200.202406191623/tools/bin/../lib/gcc/arm-none-eabi/12.3.1/thumb/v8-m.main+fp/hard/crtn.o
 *(.fini)
 .fini          0x08002bcc        0x4 C:/ST/STM32CubeIDE_1.16.0/STM32CubeIDE/plugins/com.st.stm32cube.ide.mcu.externaltools.gnu-tools-for-stm32.12.3.rel1.win32_1.0.200.202406191623/tools/bin/../lib/gcc/arm-none-eabi/12.3.1/thumb/v8-m.main+fp/hard/crti.o
                0x08002bcc                _fini
 .fini          0x08002bd0        0x8 C:/ST/STM32CubeIDE_1.16.0/STM32CubeIDE/plugins/com.st.stm32cube.ide.mcu.externaltools.gnu-tools-for-stm32.12.3.rel1.win32_1.0.200.202406191623/tools/bin/../lib/gcc/arm-none-eabi/12.3.1/thumb/v8-m.main+fp/hard/crtn.o
                0x08002bd8                        . = ALIGN (0x4)
                0x08002bd8                        _etext = .

.vfp11_veneer   0x08002bd8        0x0
 .vfp11_veneer  0x08002bd8        0x0 linker stubs

.v4_bx          0x08002bd8        0x0
 .v4_bx         0x08002bd8        0x0 linker stubs

.iplt           0x08002bd8        0x0
 .iplt          0x08002bd8        0x0 C:/ST/STM32CubeIDE_1.16.0/STM32CubeIDE/plugins/com.st.stm32cube.ide.mcu.externaltools.gnu-tools-for-stm32.12.3.rel1.win32_1.0.200.202406191623/tools/bin/../lib/gcc/arm-none-eabi/12.3.1/thumb/v8-m.main+fp/hard/crtbegin.o

.rodata         0x08002bd8       0x10
                0x08002bd8                        . = ALIGN (0x4)
 *(.rodata)
 *(.rodata*)
 .rodata.AHBPrescTable
                0x08002bd8       0x10 ./Core/Src/system_stm32h5xx.o
                0x08002bd8                AHBPrescTable
                0x08002be8                        . = ALIGN (0x4)

.ARM.extab      0x08002be8        0x0
                0x08002be8                        . = ALIGN (0x4)
 *(.ARM.extab* .gnu.linkonce.armextab.*)
                0x08002be8                        . = ALIGN (0x4)

.ARM            0x08002be8        0x0
                0x08002be8                        . = ALIGN (0x4)
                0x08002be8                        __exidx_start = .
 *(.ARM.exidx*)
                0x08002be8                        __exidx_end = .
                0x08002be8                        . = ALIGN (0x4)

.preinit_array  0x08002be8        0x0
                0x08002be8                        . = ALIGN (0x4)
                0x08002be8                        PROVIDE (__preinit_array_start = .)
 *(.preinit_array*)
                0x08002be8                        PROVIDE (__preinit_array_end = .)
                0x08002be8                        . = ALIGN (0x4)

.init_array     0x08002be8        0x4
                0x08002be8                        . = ALIGN (0x4)
                0x08002be8                        PROVIDE (__init_array_start = .)
 *(SORT_BY_NAME(.init_array.*))
 *(.init_array*)
 .init_array    0x08002be8        0x4 C:/ST/STM32CubeIDE_1.16.0/STM32CubeIDE/plugins/com.st.stm32cube.ide.mcu.externaltools.gnu-tools-for-stm32.12.3.rel1.win32_1.0.200.202406191623/tools/bin/../lib/gcc/arm-none-eabi/12.3.1/thumb/v8-m.main+fp/hard/crtbegin.o
                0x08002bec                        PROVIDE (__init_array_end = .)
                0x08002bec                        . = ALIGN (0x4)

.fini_array     0x08002bec        0x4
                0x08002bec                        . = ALIGN (0x4)
                [!provide]                        PROVIDE (__fini_array_start = .)
 *(SORT_BY_NAME(.fini_array.*))
 *(.fini_array*)
 .fini_array    0x08002bec        0x4 C:/ST/STM32CubeIDE_1.16.0/STM32CubeIDE/plugins/com.st.stm32cube.ide.mcu.externaltools.gnu-tools-for-stm32.12.3.rel1.win32_1.0.200.202406191623/tools/bin/../lib/gcc/arm-none-eabi/12.3.1/thumb/v8-m.main+fp/hard/crtbegin.o
                [!provide]                        PROVIDE (__fini_array_end = .)
                0x08002bf0                        . = ALIGN (0x4)
                0x08002bf0                        _sidata = LOADADDR (.data)

.rel.dyn        0x08002bf0        0x0
 .rel.iplt      0x08002bf0        0x0 C:/ST/STM32CubeIDE_1.16.0/STM32CubeIDE/plugins/com.st.stm32cube.ide.mcu.externaltools.gnu-tools-for-stm32.12.3.rel1.win32_1.0.200.202406191623/tools/bin/../lib/gcc/arm-none-eabi/12.3.1/thumb/v8-m.main+fp/hard/crtbegin.o

.data           0x20000000        0xc load address 0x08002bf0
                0x20000000                        . = ALIGN (0x4)
                0x20000000                        _sdata = .
 *(.data)
 *(.data*)
 .data.SystemCoreClock
                0x20000000        0x4 ./Core/Src/system_stm32h5xx.o
                0x20000000                SystemCoreClock
 .data.uwTickPrio
                0x20000004        0x4 ./Drivers/STM32H5xx_HAL_Driver/Src/stm32h5xx_hal.o
                0x20000004                uwTickPrio
 .data.uwTickFreq
                0x20000008        0x1 ./Drivers/STM32H5xx_HAL_Driver/Src/stm32h5xx_hal.o
                0x20000008                uwTickFreq
 *(.RamFunc)
 *(.RamFunc*)
                0x2000000c                        . = ALIGN (0x4)
 *fill*         0x20000009        0x3 
                0x2000000c                        _edata = .

.igot.plt       0x2000000c        0x0 load address 0x08002bfc
 .igot.plt      0x2000000c        0x0 C:/ST/STM32CubeIDE_1.16.0/STM32CubeIDE/plugins/com.st.stm32cube.ide.mcu.externaltools.gnu-tools-for-stm32.12.3.rel1.win32_1.0.200.202406191623/tools/bin/../lib/gcc/arm-none-eabi/12.3.1/thumb/v8-m.main+fp/hard/crtbegin.o
                0x2000000c                        . = ALIGN (0x4)

.bss            0x2000000c       0x74 load address 0x08002bfc
                0x2000000c                        _sbss = .
                0x2000000c                        __bss_start__ = _sbss
 *(.bss)
 .bss           0x2000000c       0x1c C:/ST/STM32CubeIDE_1.16.0/STM32CubeIDE/plugins/com.st.stm32cube.ide.mcu.externaltools.gnu-tools-for-stm32.12.3.rel1.win32_1.0.200.202406191623/tools/bin/../lib/gcc/arm-none-eabi/12.3.1/thumb/v8-m.main+fp/hard/crtbegin.o
 *(.bss*)
 .bss.lastDebounceTime
                0x20000028        0x4 ./Core/Src/main.o
                0x20000028                lastDebounceTime
 .bss.idle_button
                0x2000002c        0x1 ./Core/Src/main.o
                0x2000002c                idle_button
 .bss.ON_OFF    0x2000002d        0x1 ./Core/Src/main.o
                0x2000002d                ON_OFF
 .bss.SSTR_STP  0x2000002e        0x1 ./Core/Src/main.o
                0x2000002e                SSTR_STP
 .bss.ERR       0x2000002f        0x1 ./Core/Src/main.o
                0x2000002f                ERR
 .bss.htim3     0x20000030       0x4c ./Core/Src/tim.o
                0x20000030                htim3
 .bss.uwTick    0x2000007c        0x4 ./Drivers/STM32H5xx_HAL_Driver/Src/stm32h5xx_hal.o
                0x2000007c                uwTick
 *(COMMON)
                0x20000080                        . = ALIGN (0x4)
                0x20000080                        _ebss = .
                0x20000080                        __bss_end__ = _ebss

._user_heap_stack
                0x20000080      0x600 load address 0x08002bfc
                0x20000080                        . = ALIGN (0x8)
                [!provide]                        PROVIDE (end = .)
                0x20000080                        PROVIDE (_end = .)
                0x20000280                        . = (. + _Min_Heap_Size)
 *fill*         0x20000080      0x200 
                0x20000680                        . = (. + _Min_Stack_Size)
 *fill*         0x20000280      0x400 
                0x20000680                        . = ALIGN (0x8)

/DISCARD/
 libc.a(*)
 libm.a(*)
 libgcc.a(*)

.ARM.attributes
                0x00000000       0x36
 *(.ARM.attributes)
 .ARM.attributes
                0x00000000       0x26 C:/ST/STM32CubeIDE_1.16.0/STM32CubeIDE/plugins/com.st.stm32cube.ide.mcu.externaltools.gnu-tools-for-stm32.12.3.rel1.win32_1.0.200.202406191623/tools/bin/../lib/gcc/arm-none-eabi/12.3.1/thumb/v8-m.main+fp/hard/crti.o
 .ARM.attributes
                0x00000026       0x38 C:/ST/STM32CubeIDE_1.16.0/STM32CubeIDE/plugins/com.st.stm32cube.ide.mcu.externaltools.gnu-tools-for-stm32.12.3.rel1.win32_1.0.200.202406191623/tools/bin/../lib/gcc/arm-none-eabi/12.3.1/thumb/v8-m.main+fp/hard/crtbegin.o
 .ARM.attributes
                0x0000005e       0x3a ./Core/Src/gpio.o
 .ARM.attributes
                0x00000098       0x3a ./Core/Src/main.o
 .ARM.attributes
                0x000000d2       0x3a ./Core/Src/stm32h5xx_hal_msp.o
 .ARM.attributes
                0x0000010c       0x3a ./Core/Src/stm32h5xx_it.o
 .ARM.attributes
                0x00000146       0x3a ./Core/Src/system_stm32h5xx.o
 .ARM.attributes
                0x00000180       0x3a ./Core/Src/tim.o
 .ARM.attributes
                0x000001ba       0x24 ./Core/Startup/startup_stm32h563zitx.o
 .ARM.attributes
                0x000001de       0x3a ./Drivers/STM32H5xx_HAL_Driver/Src/stm32h5xx_hal.o
 .ARM.attributes
                0x00000218       0x3a ./Drivers/STM32H5xx_HAL_Driver/Src/stm32h5xx_hal_cortex.o
 .ARM.attributes
                0x00000252       0x3a ./Drivers/STM32H5xx_HAL_Driver/Src/stm32h5xx_hal_gpio.o
 .ARM.attributes
                0x0000028c       0x3a ./Drivers/STM32H5xx_HAL_Driver/Src/stm32h5xx_hal_rcc.o
 .ARM.attributes
                0x000002c6       0x3a ./Drivers/STM32H5xx_HAL_Driver/Src/stm32h5xx_hal_tim.o
 .ARM.attributes
                0x00000300       0x3a ./Drivers/STM32H5xx_HAL_Driver/Src/stm32h5xx_hal_tim_ex.o
 .ARM.attributes
                0x0000033a       0x38 C:/ST/STM32CubeIDE_1.16.0/STM32CubeIDE/plugins/com.st.stm32cube.ide.mcu.externaltools.gnu-tools-for-stm32.12.3.rel1.win32_1.0.200.202406191623/tools/bin/../lib/gcc/arm-none-eabi/12.3.1/../../../../arm-none-eabi/lib/thumb/v8-m.main+fp/hard\libc_nano.a(libc_a-memset.o)
 .ARM.attributes
                0x00000372       0x38 C:/ST/STM32CubeIDE_1.16.0/STM32CubeIDE/plugins/com.st.stm32cube.ide.mcu.externaltools.gnu-tools-for-stm32.12.3.rel1.win32_1.0.200.202406191623/tools/bin/../lib/gcc/arm-none-eabi/12.3.1/../../../../arm-none-eabi/lib/thumb/v8-m.main+fp/hard\libc_nano.a(libc_a-init.o)
 .ARM.attributes
                0x000003aa       0x26 C:/ST/STM32CubeIDE_1.16.0/STM32CubeIDE/plugins/com.st.stm32cube.ide.mcu.externaltools.gnu-tools-for-stm32.12.3.rel1.win32_1.0.200.202406191623/tools/bin/../lib/gcc/arm-none-eabi/12.3.1/thumb/v8-m.main+fp/hard/crtn.o
OUTPUT(MULTI_BUTTON_LED.elf elf32-littlearm)
LOAD linker stubs
LOAD C:/ST/STM32CubeIDE_1.16.0/STM32CubeIDE/plugins/com.st.stm32cube.ide.mcu.externaltools.gnu-tools-for-stm32.12.3.rel1.win32_1.0.200.202406191623/tools/bin/../lib/gcc/arm-none-eabi/12.3.1/../../../../arm-none-eabi/lib/thumb/v8-m.main+fp/hard\libc.a
LOAD C:/ST/STM32CubeIDE_1.16.0/STM32CubeIDE/plugins/com.st.stm32cube.ide.mcu.externaltools.gnu-tools-for-stm32.12.3.rel1.win32_1.0.200.202406191623/tools/bin/../lib/gcc/arm-none-eabi/12.3.1/../../../../arm-none-eabi/lib/thumb/v8-m.main+fp/hard\libm.a
LOAD C:/ST/STM32CubeIDE_1.16.0/STM32CubeIDE/plugins/com.st.stm32cube.ide.mcu.externaltools.gnu-tools-for-stm32.12.3.rel1.win32_1.0.200.202406191623/tools/bin/../lib/gcc/arm-none-eabi/12.3.1/thumb/v8-m.main+fp/hard\libgcc.a

.debug_info     0x00000000     0xd5ba
 .debug_info    0x00000000      0x97b ./Core/Src/gpio.o
 .debug_info    0x0000097b     0x1324 ./Core/Src/main.o
 .debug_info    0x00001c9f       0x9f ./Core/Src/stm32h5xx_hal_msp.o
 .debug_info    0x00001d3e      0xad3 ./Core/Src/stm32h5xx_it.o
 .debug_info    0x00002811      0xd8e ./Core/Src/system_stm32h5xx.o
 .debug_info    0x0000359f     0x11a1 ./Core/Src/tim.o
 .debug_info    0x00004740       0x30 ./Core/Startup/startup_stm32h563zitx.o
 .debug_info    0x00004770     0x139f ./Drivers/STM32H5xx_HAL_Driver/Src/stm32h5xx_hal.o
 .debug_info    0x00005b0f     0x1658 ./Drivers/STM32H5xx_HAL_Driver/Src/stm32h5xx_hal_cortex.o
 .debug_info    0x00007167      0x6b6 ./Drivers/STM32H5xx_HAL_Driver/Src/stm32h5xx_hal_gpio.o
 .debug_info    0x0000781d     0x109f ./Drivers/STM32H5xx_HAL_Driver/Src/stm32h5xx_hal_rcc.o
 .debug_info    0x000088bc     0x2e54 ./Drivers/STM32H5xx_HAL_Driver/Src/stm32h5xx_hal_tim.o
 .debug_info    0x0000b710     0x1eaa ./Drivers/STM32H5xx_HAL_Driver/Src/stm32h5xx_hal_tim_ex.o

.debug_abbrev   0x00000000     0x197f
 .debug_abbrev  0x00000000      0x181 ./Core/Src/gpio.o
 .debug_abbrev  0x00000181      0x2a3 ./Core/Src/main.o
 .debug_abbrev  0x00000424       0x45 ./Core/Src/stm32h5xx_hal_msp.o
 .debug_abbrev  0x00000469      0x1dd ./Core/Src/stm32h5xx_it.o
 .debug_abbrev  0x00000646      0x13a ./Core/Src/system_stm32h5xx.o
 .debug_abbrev  0x00000780      0x22c ./Core/Src/tim.o
 .debug_abbrev  0x000009ac       0x24 ./Core/Startup/startup_stm32h563zitx.o
 .debug_abbrev  0x000009d0      0x2af ./Drivers/STM32H5xx_HAL_Driver/Src/stm32h5xx_hal.o
 .debug_abbrev  0x00000c7f      0x311 ./Drivers/STM32H5xx_HAL_Driver/Src/stm32h5xx_hal_cortex.o
 .debug_abbrev  0x00000f90      0x1db ./Drivers/STM32H5xx_HAL_Driver/Src/stm32h5xx_hal_gpio.o
 .debug_abbrev  0x0000116b      0x290 ./Drivers/STM32H5xx_HAL_Driver/Src/stm32h5xx_hal_rcc.o
 .debug_abbrev  0x000013fb      0x2bd ./Drivers/STM32H5xx_HAL_Driver/Src/stm32h5xx_hal_tim.o
 .debug_abbrev  0x000016b8      0x2c7 ./Drivers/STM32H5xx_HAL_Driver/Src/stm32h5xx_hal_tim_ex.o

.debug_aranges  0x00000000      0xc00
 .debug_aranges
                0x00000000       0x20 ./Core/Src/gpio.o
 .debug_aranges
                0x00000020       0x38 ./Core/Src/main.o
 .debug_aranges
                0x00000058       0x20 ./Core/Src/stm32h5xx_hal_msp.o
 .debug_aranges
                0x00000078       0x88 ./Core/Src/stm32h5xx_it.o
 .debug_aranges
                0x00000100       0x28 ./Core/Src/system_stm32h5xx.o
 .debug_aranges
                0x00000128       0x30 ./Core/Src/tim.o
 .debug_aranges
                0x00000158       0x28 ./Core/Startup/startup_stm32h563zitx.o
 .debug_aranges
                0x00000180      0x200 ./Drivers/STM32H5xx_HAL_Driver/Src/stm32h5xx_hal.o
 .debug_aranges
                0x00000380      0x140 ./Drivers/STM32H5xx_HAL_Driver/Src/stm32h5xx_hal_cortex.o
 .debug_aranges
                0x000004c0       0x78 ./Drivers/STM32H5xx_HAL_Driver/Src/stm32h5xx_hal_gpio.o
 .debug_aranges
                0x00000538       0xa0 ./Drivers/STM32H5xx_HAL_Driver/Src/stm32h5xx_hal_rcc.o
 .debug_aranges
                0x000005d8      0x3e8 ./Drivers/STM32H5xx_HAL_Driver/Src/stm32h5xx_hal_tim.o
 .debug_aranges
                0x000009c0      0x240 ./Drivers/STM32H5xx_HAL_Driver/Src/stm32h5xx_hal_tim_ex.o

.debug_rnglists
                0x00000000      0x936
 .debug_rnglists
                0x00000000       0x14 ./Core/Src/gpio.o
 .debug_rnglists
                0x00000014       0x28 ./Core/Src/main.o
 .debug_rnglists
                0x0000003c       0x13 ./Core/Src/stm32h5xx_hal_msp.o
 .debug_rnglists
                0x0000004f       0x61 ./Core/Src/stm32h5xx_it.o
 .debug_rnglists
                0x000000b0       0x1b ./Core/Src/system_stm32h5xx.o
 .debug_rnglists
                0x000000cb       0x20 ./Core/Src/tim.o
 .debug_rnglists
                0x000000eb       0x19 ./Core/Startup/startup_stm32h563zitx.o
 .debug_rnglists
                0x00000104      0x17d ./Drivers/STM32H5xx_HAL_Driver/Src/stm32h5xx_hal.o
 .debug_rnglists
                0x00000281       0xec ./Drivers/STM32H5xx_HAL_Driver/Src/stm32h5xx_hal_cortex.o
 .debug_rnglists
                0x0000036d       0x57 ./Drivers/STM32H5xx_HAL_Driver/Src/stm32h5xx_hal_gpio.o
 .debug_rnglists
                0x000003c4       0x79 ./Drivers/STM32H5xx_HAL_Driver/Src/stm32h5xx_hal_rcc.o
 .debug_rnglists
                0x0000043d      0x32e ./Drivers/STM32H5xx_HAL_Driver/Src/stm32h5xx_hal_tim.o
 .debug_rnglists
                0x0000076b      0x1cb ./Drivers/STM32H5xx_HAL_Driver/Src/stm32h5xx_hal_tim_ex.o

.debug_macro    0x00000000    0x30792
 .debug_macro   0x00000000      0x272 ./Core/Src/gpio.o
 .debug_macro   0x00000272      0xaba ./Core/Src/gpio.o
 .debug_macro   0x00000d2c      0x1c4 ./Core/Src/gpio.o
 .debug_macro   0x00000ef0       0x22 ./Core/Src/gpio.o
 .debug_macro   0x00000f12       0x5b ./Core/Src/gpio.o
 .debug_macro   0x00000f6d       0x2a ./Core/Src/gpio.o
 .debug_macro   0x00000f97       0x94 ./Core/Src/gpio.o
 .debug_macro   0x0000102b       0x43 ./Core/Src/gpio.o
 .debug_macro   0x0000106e       0x34 ./Core/Src/gpio.o
 .debug_macro   0x000010a2      0x189 ./Core/Src/gpio.o
 .debug_macro   0x0000122b       0x16 ./Core/Src/gpio.o
 .debug_macro   0x00001241       0x43 ./Core/Src/gpio.o
 .debug_macro   0x00001284       0x57 ./Core/Src/gpio.o
 .debug_macro   0x000012db       0x34 ./Core/Src/gpio.o
 .debug_macro   0x0000130f       0x10 ./Core/Src/gpio.o
 .debug_macro   0x0000131f       0x58 ./Core/Src/gpio.o
 .debug_macro   0x00001377       0x8e ./Core/Src/gpio.o
 .debug_macro   0x00001405       0x1c ./Core/Src/gpio.o
 .debug_macro   0x00001421      0x177 ./Core/Src/gpio.o
 .debug_macro   0x00001598      0x369 ./Core/Src/gpio.o
 .debug_macro   0x00001901      0x19b ./Core/Src/gpio.o
 .debug_macro   0x00001a9c       0x28 ./Core/Src/gpio.o
 .debug_macro   0x00001ac4       0x49 ./Core/Src/gpio.o
 .debug_macro   0x00001b0d      0x103 ./Core/Src/gpio.o
 .debug_macro   0x00001c10       0x6a ./Core/Src/gpio.o
 .debug_macro   0x00001c7a      0x1df ./Core/Src/gpio.o
 .debug_macro   0x00001e59       0x1c ./Core/Src/gpio.o
 .debug_macro   0x00001e75       0x29 ./Core/Src/gpio.o
 .debug_macro   0x00001e9e       0xfb ./Core/Src/gpio.o
 .debug_macro   0x00001f99     0x1685 ./Core/Src/gpio.o
 .debug_macro   0x0000361e       0x5e ./Core/Src/gpio.o
 .debug_macro   0x0000367c    0x211d5 ./Core/Src/gpio.o
 .debug_macro   0x00024851       0x6d ./Core/Src/gpio.o
 .debug_macro   0x000248be     0x3891 ./Core/Src/gpio.o
 .debug_macro   0x0002814f       0x63 ./Core/Src/gpio.o
 .debug_macro   0x000281b2     0x1f0d ./Core/Src/gpio.o
 .debug_macro   0x0002a0bf      0xe96 ./Core/Src/gpio.o
 .debug_macro   0x0002af55      0x166 ./Core/Src/gpio.o
 .debug_macro   0x0002b0bb      0x30b ./Core/Src/gpio.o
 .debug_macro   0x0002b3c6      0x917 ./Core/Src/gpio.o
 .debug_macro   0x0002bcdd      0x478 ./Core/Src/gpio.o
 .debug_macro   0x0002c155       0xd6 ./Core/Src/gpio.o
 .debug_macro   0x0002c22b      0x1ce ./Core/Src/gpio.o
 .debug_macro   0x0002c3f9      0x554 ./Core/Src/gpio.o
 .debug_macro   0x0002c94d      0x638 ./Core/Src/gpio.o
 .debug_macro   0x0002cf85       0x74 ./Core/Src/gpio.o
 .debug_macro   0x0002cff9      0x313 ./Core/Src/gpio.o
 .debug_macro   0x0002d30c      0x1bb ./Core/Src/gpio.o
 .debug_macro   0x0002d4c7      0xbe8 ./Core/Src/gpio.o
 .debug_macro   0x0002e0af      0x3f4 ./Core/Src/gpio.o
 .debug_macro   0x0002e4a3      0x2a7 ./Core/Src/gpio.o
 .debug_macro   0x0002e74a      0x47e ./Core/Src/gpio.o
 .debug_macro   0x0002ebc8       0x7c ./Core/Src/gpio.o
 .debug_macro   0x0002ec44      0x2d0 ./Core/Src/main.o
 .debug_macro   0x0002ef14      0x268 ./Core/Src/stm32h5xx_hal_msp.o
 .debug_macro   0x0002f17c      0x272 ./Core/Src/stm32h5xx_it.o
 .debug_macro   0x0002f3ee      0x260 ./Core/Src/system_stm32h5xx.o
 .debug_macro   0x0002f64e      0x272 ./Core/Src/tim.o
 .debug_macro   0x0002f8c0      0x28f ./Drivers/STM32H5xx_HAL_Driver/Src/stm32h5xx_hal.o
 .debug_macro   0x0002fb4f      0x259 ./Drivers/STM32H5xx_HAL_Driver/Src/stm32h5xx_hal_cortex.o
 .debug_macro   0x0002fda8      0x28f ./Drivers/STM32H5xx_HAL_Driver/Src/stm32h5xx_hal_gpio.o
 .debug_macro   0x00030037      0x29b ./Drivers/STM32H5xx_HAL_Driver/Src/stm32h5xx_hal_rcc.o
 .debug_macro   0x000302d2      0x261 ./Drivers/STM32H5xx_HAL_Driver/Src/stm32h5xx_hal_tim.o
 .debug_macro   0x00030533      0x25f ./Drivers/STM32H5xx_HAL_Driver/Src/stm32h5xx_hal_tim_ex.o

.debug_line     0x00000000     0xdd8c
 .debug_line    0x00000000      0x898 ./Core/Src/gpio.o
 .debug_line    0x00000898      0x985 ./Core/Src/main.o
 .debug_line    0x0000121d      0x84e ./Core/Src/stm32h5xx_hal_msp.o
 .debug_line    0x00001a6b      0x98d ./Core/Src/stm32h5xx_it.o
 .debug_line    0x000023f8      0x9d3 ./Core/Src/system_stm32h5xx.o
 .debug_line    0x00002dcb      0x8b6 ./Core/Src/tim.o
 .debug_line    0x00003681       0x7b ./Core/Startup/startup_stm32h563zitx.o
 .debug_line    0x000036fc      0xf5a ./Drivers/STM32H5xx_HAL_Driver/Src/stm32h5xx_hal.o
 .debug_line    0x00004656      0xec2 ./Drivers/STM32H5xx_HAL_Driver/Src/stm32h5xx_hal_cortex.o
 .debug_line    0x00005518      0xc4e ./Drivers/STM32H5xx_HAL_Driver/Src/stm32h5xx_hal_gpio.o
 .debug_line    0x00006166     0x12cd ./Drivers/STM32H5xx_HAL_Driver/Src/stm32h5xx_hal_rcc.o
 .debug_line    0x00007433     0x4666 ./Drivers/STM32H5xx_HAL_Driver/Src/stm32h5xx_hal_tim.o
 .debug_line    0x0000ba99     0x22f3 ./Drivers/STM32H5xx_HAL_Driver/Src/stm32h5xx_hal_tim_ex.o

.debug_str      0x00000000   0x139d2c
 .debug_str     0x00000000   0x136087 ./Core/Src/gpio.o
                             0x136403 (size before relaxing)
 .debug_str     0x00136087      0xbfe ./Core/Src/main.o
                             0x136769 (size before relaxing)
 .debug_str     0x00136c85       0x2c ./Core/Src/stm32h5xx_hal_msp.o
                             0x1359a5 (size before relaxing)
 .debug_str     0x00136cb1      0x14c ./Core/Src/stm32h5xx_it.o
                             0x13621c (size before relaxing)
 .debug_str     0x00136dfd      0x1bd ./Core/Src/system_stm32h5xx.o
                             0x135e07 (size before relaxing)
 .debug_str     0x00136fba      0x153 ./Core/Src/tim.o
                             0x136b8b (size before relaxing)
 .debug_str     0x0013710d       0x44 ./Core/Startup/startup_stm32h563zitx.o
                                 0x90 (size before relaxing)
 .debug_str     0x00137151      0x956 ./Drivers/STM32H5xx_HAL_Driver/Src/stm32h5xx_hal.o
                             0x136c53 (size before relaxing)
 .debug_str     0x00137aa7      0x3db ./Drivers/STM32H5xx_HAL_Driver/Src/stm32h5xx_hal_cortex.o
                             0x1367e2 (size before relaxing)
 .debug_str     0x00137e82      0x283 ./Drivers/STM32H5xx_HAL_Driver/Src/stm32h5xx_hal_gpio.o
                             0x135b6c (size before relaxing)
 .debug_str     0x00138105      0x38a ./Drivers/STM32H5xx_HAL_Driver/Src/stm32h5xx_hal_rcc.o
                             0x13634c (size before relaxing)
 .debug_str     0x0013848f      0xf84 ./Drivers/STM32H5xx_HAL_Driver/Src/stm32h5xx_hal_tim.o
                             0x136fb6 (size before relaxing)
 .debug_str     0x00139413      0x919 ./Drivers/STM32H5xx_HAL_Driver/Src/stm32h5xx_hal_tim_ex.o
                             0x136be0 (size before relaxing)

.comment        0x00000000       0x43
 .comment       0x00000000       0x43 ./Core/Src/gpio.o
                                 0x44 (size before relaxing)
 .comment       0x00000043       0x44 ./Core/Src/main.o
 .comment       0x00000043       0x44 ./Core/Src/stm32h5xx_hal_msp.o
 .comment       0x00000043       0x44 ./Core/Src/stm32h5xx_it.o
 .comment       0x00000043       0x44 ./Core/Src/system_stm32h5xx.o
 .comment       0x00000043       0x44 ./Core/Src/tim.o
 .comment       0x00000043       0x44 ./Drivers/STM32H5xx_HAL_Driver/Src/stm32h5xx_hal.o
 .comment       0x00000043       0x44 ./Drivers/STM32H5xx_HAL_Driver/Src/stm32h5xx_hal_cortex.o
 .comment       0x00000043       0x44 ./Drivers/STM32H5xx_HAL_Driver/Src/stm32h5xx_hal_gpio.o
 .comment       0x00000043       0x44 ./Drivers/STM32H5xx_HAL_Driver/Src/stm32h5xx_hal_rcc.o
 .comment       0x00000043       0x44 ./Drivers/STM32H5xx_HAL_Driver/Src/stm32h5xx_hal_tim.o
 .comment       0x00000043       0x44 ./Drivers/STM32H5xx_HAL_Driver/Src/stm32h5xx_hal_tim_ex.o

.debug_frame    0x00000000     0x3254
 .debug_frame   0x00000000       0x34 ./Core/Src/gpio.o
 .debug_frame   0x00000034       0x8c ./Core/Src/main.o
 .debug_frame   0x000000c0       0x30 ./Core/Src/stm32h5xx_hal_msp.o
 .debug_frame   0x000000f0      0x190 ./Core/Src/stm32h5xx_it.o
 .debug_frame   0x00000280       0x60 ./Core/Src/system_stm32h5xx.o
 .debug_frame   0x000002e0       0x7c ./Core/Src/tim.o
 .debug_frame   0x0000035c      0x828 ./Drivers/STM32H5xx_HAL_Driver/Src/stm32h5xx_hal.o
 .debug_frame   0x00000b84      0x560 ./Drivers/STM32H5xx_HAL_Driver/Src/stm32h5xx_hal_cortex.o
 .debug_frame   0x000010e4      0x1ec ./Drivers/STM32H5xx_HAL_Driver/Src/stm32h5xx_hal_gpio.o
 .debug_frame   0x000012d0      0x268 ./Drivers/STM32H5xx_HAL_Driver/Src/stm32h5xx_hal_rcc.o
 .debug_frame   0x00001538     0x1260 ./Drivers/STM32H5xx_HAL_Driver/Src/stm32h5xx_hal_tim.o
 .debug_frame   0x00002798      0xa70 ./Drivers/STM32H5xx_HAL_Driver/Src/stm32h5xx_hal_tim_ex.o
 .debug_frame   0x00003208       0x20 C:/ST/STM32CubeIDE_1.16.0/STM32CubeIDE/plugins/com.st.stm32cube.ide.mcu.externaltools.gnu-tools-for-stm32.12.3.rel1.win32_1.0.200.202406191623/tools/bin/../lib/gcc/arm-none-eabi/12.3.1/../../../../arm-none-eabi/lib/thumb/v8-m.main+fp/hard\libc_nano.a(libc_a-memset.o)
 .debug_frame   0x00003228       0x2c C:/ST/STM32CubeIDE_1.16.0/STM32CubeIDE/plugins/com.st.stm32cube.ide.mcu.externaltools.gnu-tools-for-stm32.12.3.rel1.win32_1.0.200.202406191623/tools/bin/../lib/gcc/arm-none-eabi/12.3.1/../../../../arm-none-eabi/lib/thumb/v8-m.main+fp/hard\libc_nano.a(libc_a-init.o)

.debug_line_str
                0x00000000       0x74
 .debug_line_str
                0x00000000       0x74 ./Core/Startup/startup_stm32h563zitx.o
