../Src/main.c:70:5:main	8	static
../Src/main.c:96:6:idle_task	4	static
../Src/main.c:103:6:task1_handler	8	static
../Src/main.c:114:6:task2_handler	8	static
../Src/main.c:125:6:task3_handler	8	static
../Src/main.c:136:6:task4_handler	8	static
../Src/main.c:148:6:enable_fault_handler	16	static
../Src/main.c:158:6:HardFault_Handler	8	static
../Src/main.c:164:6:MemManage_Handler	8	static
../Src/main.c:170:6:BusFault_Handler	8	static
../Src/main.c:177:6:dummy_stack_init	24	static
../Src/main.c:236:29:MSP_scheduler_init	0	static,ignoring_inline_asm
../Src/main.c:244:10:get_current_psp	4	static
../Src/main.c:249:28:Switch_to_PSP	0	static,ignoring_inline_asm
../Src/main.c:268:6:enable_systick	32	static
../Src/main.c:286:29:PendSV_Handler	0	static,ignoring_inline_asm
../Src/main.c:313:6:update_global_tick_count	4	static
../Src/main.c:318:6:unblock_tasks	16	static
../Src/main.c:334:6:SysTick_Handler	16	static
../Src/main.c:348:6:save_PSP	16	static
../Src/main.c:353:6:update_next_task	16	static
../Src/main.c:370:6:schedule	16	static
../Src/main.c:379:6:task_delay	16	static,ignoring_inline_asm
