21:43:57 **** Incremental Build of configuration Debug for project task_scheduler_1 ****
make -j4 all 
arm-none-eabi-gcc "../Src/main.c" -mcpu=cortex-m4 -std=gnu11 -g3 -DDEBUG -DSTM32 -DSTM32F407G_DISC1 -DSTM32F4 -DSTM32F407VGTx -c -I../Inc -O0 -ffunction-sections -fdata-sections -Wall -fstack-usage -fcyclomatic-complexity -MMD -MP -MF"Src/main.d" -MT"Src/main.o" --specs=nano.specs -mfloat-abi=soft -mthumb -o "Src/main.o"
arm-none-eabi-gcc -o "task_scheduler_1.elf" @"objects.list"   -mcpu=cortex-m4 -T"D:\Kiran's Embedded course\My worskspace\target\task_scheduler_1\STM32F407VGTX_FLASH.ld" --specs=nosys.specs -Wl,-Map="task_scheduler_1.map" -Wl,--gc-sections -static --specs=nano.specs -mfloat-abi=soft -mthumb -Wl,--start-group -lc -lm -Wl,--end-group
Finished building target: task_scheduler_1.elf
 
arm-none-eabi-size  task_scheduler_1.elf 
arm-none-eabi-objdump -h -S task_scheduler_1.elf  > "task_scheduler_1.list"
   text	   data	    bss	    dec	    hex	filename
   4888	     96	   1984	   6968	   1b38	task_scheduler_1.elf
Finished building: default.size.stdout
 
Finished building: task_scheduler_1.list
 
21:44:05 **** Incremental Build of configuration Debug for project task_scheduler_1 ****
make -j4 all 
arm-none-eabi-size  task_scheduler_1.elf 
   text	   data	    bss	    dec	    hex	filename
   4888	     96	   1984	   6968	   1b38	task_scheduler_1.elf
Finished building: default.size.stdout
 
