16:53:23 **** Incremental Build of configuration Debug for project SLEEP_EXT_WAKEUP ****
make -j4 all 
arm-none-eabi-gcc "../Core/Src/main.c" -mcpu=cortex-m33 -std=gnu11 -g3 -DDEBUG -DUSE_HAL_DRIVER -DSTM32H563xx -c -I../Core/Inc -I../Drivers/STM32H5xx_HAL_Driver/Inc -I../Drivers/STM32H5xx_HAL_Driver/Inc/Legacy -I../Drivers/CMSIS/Device/ST/STM32H5xx/Include -I../Drivers/CMSIS/Include -O0 -ffunction-sections -fdata-sections -Wall -fstack-usage -fcyclomatic-complexity -MMD -MP -MF"Core/Src/main.d" -MT"Core/Src/main.o" --specs=nano.specs -mfpu=fpv5-sp-d16 -mfloat-abi=hard -mthumb -o "Core/Src/main.o"
arm-none-eabi-gcc -o "SLEEP_EXT_WAKEUP.elf" @"objects.list"   -mcpu=cortex-m33 -T"D:\Kiran's Embedded course\My worskspace\target\SLEEP_EXT_WAKEUP\STM32H563ZITX_FLASH.ld" --specs=nosys.specs -Wl,-Map="SLEEP_EXT_WAKEUP.map" -Wl,--gc-sections -static --specs=nano.specs -mfpu=fpv5-sp-d16 -mfloat-abi=hard -mthumb -Wl,--start-group -lc -lm -Wl,--end-group
Finished building target: SLEEP_EXT_WAKEUP.elf
 
arm-none-eabi-size  SLEEP_EXT_WAKEUP.elf 
arm-none-eabi-objdump -h -S SLEEP_EXT_WAKEUP.elf  > "SLEEP_EXT_WAKEUP.list"
   text	   data	    bss	    dec	    hex	filename
  10724	     12	   1652	  12388	   3064	SLEEP_EXT_WAKEUP.elf
Finished building: default.size.stdout
 
Finished building: SLEEP_EXT_WAKEUP.list
 

16:53:26 Build Finished. 0 errors, 0 warnings. (took 3s.145ms)

