16:05:08 **** Build of configuration Debug for project SVC_Exception ****
make -j4 all 
arm-none-eabi-gcc -mcpu=cortex-m4 -g3 -DDEBUG -c -x assembler-with-cpp -MMD -MP -MF"Startup/startup_stm32f407vgtx.d" -MT"Startup/startup_stm32f407vgtx.o" --specs=nano.specs -mfloat-abi=soft -mthumb -o "Startup/startup_stm32f407vgtx.o" "../Startup/startup_stm32f407vgtx.s"
arm-none-eabi-gcc "../Src/svc_math.c" -mcpu=cortex-m4 -std=gnu11 -g3 -DDEBUG -DSTM32 -DSTM32F407G_DISC1 -DSTM32F4 -DSTM32F407VGTx -c -I../Inc -O0 -ffunction-sections -fdata-sections -Wall -fstack-usage -fcyclomatic-complexity -MMD -MP -MF"Src/svc_math.d" -MT"Src/svc_math.o" --specs=nano.specs -mfloat-abi=soft -mthumb -o "Src/svc_math.o"
arm-none-eabi-gcc "../Src/syscalls.c" -mcpu=cortex-m4 -std=gnu11 -g3 -DDEBUG -DSTM32 -DSTM32F407G_DISC1 -DSTM32F4 -DSTM32F407VGTx -c -I../Inc -O0 -ffunction-sections -fdata-sections -Wall -fstack-usage -fcyclomatic-complexity -MMD -MP -MF"Src/syscalls.d" -MT"Src/syscalls.o" --specs=nano.specs -mfloat-abi=soft -mthumb -o "Src/syscalls.o"
arm-none-eabi-gcc "../Src/sysmem.c" -mcpu=cortex-m4 -std=gnu11 -g3 -DDEBUG -DSTM32 -DSTM32F407G_DISC1 -DSTM32F4 -DSTM32F407VGTx -c -I../Inc -O0 -ffunction-sections -fdata-sections -Wall -fstack-usage -fcyclomatic-complexity -MMD -MP -MF"Src/sysmem.d" -MT"Src/sysmem.o" --specs=nano.specs -mfloat-abi=soft -mthumb -o "Src/sysmem.o"
arm-none-eabi-gcc -o "SVC_Exception.elf" @"objects.list"   -mcpu=cortex-m4 -T"D:\Kiran's Embedded course\My worskspace\target\SVC_Exception\STM32F407VGTX_FLASH.ld" --specs=nosys.specs -Wl,-Map="SVC_Exception.map" -Wl,--gc-sections -static --specs=nano.specs -mfloat-abi=soft -mthumb -Wl,--start-group -lc -lm -Wl,--end-group
Finished building target: SVC_Exception.elf
 
arm-none-eabi-size  SVC_Exception.elf 
arm-none-eabi-objdump -h -S SVC_Exception.elf  > "SVC_Exception.list"
   text	   data	    bss	    dec	    hex	filename
   5592	     92	   1900	   7584	   1da0	SVC_Exception.elf
Finished building: default.size.stdout
 
Finished building: SVC_Exception.list
 

16:05:10 Build Finished. 0 errors, 0 warnings. (took 1s.560ms)

