08:45:43 **** Incremental Build of configuration Debug for project TEMP_UART_TASK1 ****
make -j4 all 
arm-none-eabi-gcc "../Core/Src/main.c" -mcpu=cortex-m33 -std=gnu11 -g3 -DDEBUG -DUSE_HAL_DRIVER -DSTM32H563xx -c -I../Core/Inc -I../Drivers/STM32H5xx_HAL_Driver/Inc -I../Drivers/STM32H5xx_HAL_Driver/Inc/Legacy -I../Drivers/CMSIS/Device/ST/STM32H5xx/Include -I../Drivers/CMSIS/Include -O0 -ffunction-sections -fdata-sections -Wall -fstack-usage -fcyclomatic-complexity -MMD -MP -MF"Core/Src/main.d" -MT"Core/Src/main.o" --specs=nano.specs -mfpu=fpv5-sp-d16 -mfloat-abi=hard -mthumb -o "Core/Src/main.o"
arm-none-eabi-gcc -o "TEMP_UART_TASK1.elf" @"objects.list"   -mcpu=cortex-m33 -T"D:\Kiran's Embedded course\My worskspace\target\TEMP_UART_TASK1\STM32H563ZITX_FLASH.ld" --specs=nosys.specs -Wl,-Map="TEMP_UART_TASK1.map" -Wl,--gc-sections -static --specs=nano.specs -mfpu=fpv5-sp-d16 -mfloat-abi=hard -mthumb -u _printf_float -u _scanf_float -Wl,--start-group -lc -lm -Wl,--end-group
Finished building target: TEMP_UART_TASK1.elf
 
arm-none-eabi-size  TEMP_UART_TASK1.elf 
arm-none-eabi-objdump -h -S TEMP_UART_TASK1.elf  > "TEMP_UART_TASK1.list"
   text	   data	    bss	    dec	    hex	filename
  58240	    468	   2140	  60848	   edb0	TEMP_UART_TASK1.elf
Finished building: default.size.stdout
 
Finished building: TEMP_UART_TASK1.list
 

08:45:45 Build Finished. 0 errors, 0 warnings. (took 2s.460ms)

