Archive member included to satisfy reference by file (symbol)

C:/ST/STM32CubeIDE_1.16.0/STM32CubeIDE/plugins/com.st.stm32cube.ide.mcu.externaltools.gnu-tools-for-stm32.12.3.rel1.win32_1.0.200.202406191623/tools/bin/../lib/gcc/arm-none-eabi/12.3.1/../../../../arm-none-eabi/lib/thumb/v8-m.main+fp/hard\libc_nano.a(libc_a-exit.o)
                              C:/ST/STM32CubeIDE_1.16.0/STM32CubeIDE/plugins/com.st.stm32cube.ide.mcu.externaltools.gnu-tools-for-stm32.12.3.rel1.win32_1.0.200.202406191623/tools/bin/../lib/gcc/arm-none-eabi/12.3.1/../../../../arm-none-eabi/lib/thumb/v8-m.main+fp/hard/crt0.o (exit)
C:/ST/STM32CubeIDE_1.16.0/STM32CubeIDE/plugins/com.st.stm32cube.ide.mcu.externaltools.gnu-tools-for-stm32.12.3.rel1.win32_1.0.200.202406191623/tools/bin/../lib/gcc/arm-none-eabi/12.3.1/../../../../arm-none-eabi/lib/thumb/v8-m.main+fp/hard\libc_nano.a(libc_a-findfp.o)
                              C:/ST/STM32CubeIDE_1.16.0/STM32CubeIDE/plugins/com.st.stm32cube.ide.mcu.externaltools.gnu-tools-for-stm32.12.3.rel1.win32_1.0.200.202406191623/tools/bin/../lib/gcc/arm-none-eabi/12.3.1/../../../../arm-none-eabi/lib/thumb/v8-m.main+fp/hard\libc_nano.a(libc_a-exit.o) (__stdio_exit_handler)
C:/ST/STM32CubeIDE_1.16.0/STM32CubeIDE/plugins/com.st.stm32cube.ide.mcu.externaltools.gnu-tools-for-stm32.12.3.rel1.win32_1.0.200.202406191623/tools/bin/../lib/gcc/arm-none-eabi/12.3.1/../../../../arm-none-eabi/lib/thumb/v8-m.main+fp/hard\libc_nano.a(libc_a-fwalk.o)
                              C:/ST/STM32CubeIDE_1.16.0/STM32CubeIDE/plugins/com.st.stm32cube.ide.mcu.externaltools.gnu-tools-for-stm32.12.3.rel1.win32_1.0.200.202406191623/tools/bin/../lib/gcc/arm-none-eabi/12.3.1/../../../../arm-none-eabi/lib/thumb/v8-m.main+fp/hard\libc_nano.a(libc_a-findfp.o) (_fwalk_sglue)
C:/ST/STM32CubeIDE_1.16.0/STM32CubeIDE/plugins/com.st.stm32cube.ide.mcu.externaltools.gnu-tools-for-stm32.12.3.rel1.win32_1.0.200.202406191623/tools/bin/../lib/gcc/arm-none-eabi/12.3.1/../../../../arm-none-eabi/lib/thumb/v8-m.main+fp/hard\libc_nano.a(libc_a-stdio.o)
                              C:/ST/STM32CubeIDE_1.16.0/STM32CubeIDE/plugins/com.st.stm32cube.ide.mcu.externaltools.gnu-tools-for-stm32.12.3.rel1.win32_1.0.200.202406191623/tools/bin/../lib/gcc/arm-none-eabi/12.3.1/../../../../arm-none-eabi/lib/thumb/v8-m.main+fp/hard\libc_nano.a(libc_a-findfp.o) (__sread)
C:/ST/STM32CubeIDE_1.16.0/STM32CubeIDE/plugins/com.st.stm32cube.ide.mcu.externaltools.gnu-tools-for-stm32.12.3.rel1.win32_1.0.200.202406191623/tools/bin/../lib/gcc/arm-none-eabi/12.3.1/../../../../arm-none-eabi/lib/thumb/v8-m.main+fp/hard\libc_nano.a(libc_a-memset.o)
                              C:/ST/STM32CubeIDE_1.16.0/STM32CubeIDE/plugins/com.st.stm32cube.ide.mcu.externaltools.gnu-tools-for-stm32.12.3.rel1.win32_1.0.200.202406191623/tools/bin/../lib/gcc/arm-none-eabi/12.3.1/../../../../arm-none-eabi/lib/thumb/v8-m.main+fp/hard/crt0.o (memset)
C:/ST/STM32CubeIDE_1.16.0/STM32CubeIDE/plugins/com.st.stm32cube.ide.mcu.externaltools.gnu-tools-for-stm32.12.3.rel1.win32_1.0.200.202406191623/tools/bin/../lib/gcc/arm-none-eabi/12.3.1/../../../../arm-none-eabi/lib/thumb/v8-m.main+fp/hard\libc_nano.a(libc_a-closer.o)
                              C:/ST/STM32CubeIDE_1.16.0/STM32CubeIDE/plugins/com.st.stm32cube.ide.mcu.externaltools.gnu-tools-for-stm32.12.3.rel1.win32_1.0.200.202406191623/tools/bin/../lib/gcc/arm-none-eabi/12.3.1/../../../../arm-none-eabi/lib/thumb/v8-m.main+fp/hard\libc_nano.a(libc_a-stdio.o) (_close_r)
C:/ST/STM32CubeIDE_1.16.0/STM32CubeIDE/plugins/com.st.stm32cube.ide.mcu.externaltools.gnu-tools-for-stm32.12.3.rel1.win32_1.0.200.202406191623/tools/bin/../lib/gcc/arm-none-eabi/12.3.1/../../../../arm-none-eabi/lib/thumb/v8-m.main+fp/hard\libc_nano.a(libc_a-reent.o)
                              C:/ST/STM32CubeIDE_1.16.0/STM32CubeIDE/plugins/com.st.stm32cube.ide.mcu.externaltools.gnu-tools-for-stm32.12.3.rel1.win32_1.0.200.202406191623/tools/bin/../lib/gcc/arm-none-eabi/12.3.1/../../../../arm-none-eabi/lib/thumb/v8-m.main+fp/hard\libc_nano.a(libc_a-closer.o) (errno)
C:/ST/STM32CubeIDE_1.16.0/STM32CubeIDE/plugins/com.st.stm32cube.ide.mcu.externaltools.gnu-tools-for-stm32.12.3.rel1.win32_1.0.200.202406191623/tools/bin/../lib/gcc/arm-none-eabi/12.3.1/../../../../arm-none-eabi/lib/thumb/v8-m.main+fp/hard\libc_nano.a(libc_a-impure.o)
                              C:/ST/STM32CubeIDE_1.16.0/STM32CubeIDE/plugins/com.st.stm32cube.ide.mcu.externaltools.gnu-tools-for-stm32.12.3.rel1.win32_1.0.200.202406191623/tools/bin/../lib/gcc/arm-none-eabi/12.3.1/../../../../arm-none-eabi/lib/thumb/v8-m.main+fp/hard\libc_nano.a(libc_a-reent.o) (_impure_ptr)
C:/ST/STM32CubeIDE_1.16.0/STM32CubeIDE/plugins/com.st.stm32cube.ide.mcu.externaltools.gnu-tools-for-stm32.12.3.rel1.win32_1.0.200.202406191623/tools/bin/../lib/gcc/arm-none-eabi/12.3.1/../../../../arm-none-eabi/lib/thumb/v8-m.main+fp/hard\libc_nano.a(libc_a-lseekr.o)
[...]
Memory Configuration

Name             Origin             Length             Attributes
RAM              0x20000000         0x000a0000         xrw
FLASH            0x08000000         0x00200000         xr
*default*        0x00000000         0xffffffff

Linker script and memory map

LOAD C:/ST/STM32CubeIDE_1.16.0/STM32CubeIDE/plugins/com.st.stm32cube.ide.mcu.externaltools.gnu-tools-for-stm32.12.3.rel1.win32_1.0.200.202406191623/tools/bin/../lib/gcc/arm-none-eabi/12.3.1/thumb/v8-m.main+fp/hard/crti.o
LOAD C:/ST/STM32CubeIDE_1.16.0/STM32CubeIDE/plugins/com.st.stm32cube.ide.mcu.externaltools.gnu-tools-for-stm32.12.3.rel1.win32_1.0.200.202406191623/tools/bin/../lib/gcc/arm-none-eabi/12.3.1/thumb/v8-m.main+fp/hard/crtbegin.o
LOAD C:/ST/STM32CubeIDE_1.16.0/STM32CubeIDE/plugins/com.st.stm32cube.ide.mcu.externaltools.gnu-tools-for-stm32.12.3.rel1.win32_1.0.200.202406191623/tools/bin/../lib/gcc/arm-none-eabi/12.3.1/../../../../arm-none-eabi/lib/thumb/v8-m.main+fp/hard/crt0.o
LOAD ./Core/Src/main.o
LOAD ./Core/Src/stm32h5xx_hal_msp.o
LOAD ./Core/Src/stm32h5xx_it.o
LOAD ./Core/Src/syscalls.o
LOAD ./Core/Src/sysmem.o
LOAD ./Core/Src/system_stm32h5xx.o
LOAD ./Core/Startup/startup_stm32h563zitx.o
LOAD ./Drivers/STM32H5xx_HAL_Driver/Src/stm32h5xx_hal.o
LOAD ./Drivers/STM32H5xx_HAL_Driver/Src/stm32h5xx_hal_cortex.o
LOAD ./Drivers/STM32H5xx_HAL_Driver/Src/stm32h5xx_hal_dma.o
LOAD ./Drivers/STM32H5xx_HAL_Driver/Src/stm32h5xx_hal_dma_ex.o
LOAD ./Drivers/STM32H5xx_HAL_Driver/Src/stm32h5xx_hal_exti.o
LOAD ./Drivers/STM32H5xx_HAL_Driver/Src/stm32h5xx_hal_flash.o
LOAD ./Drivers/STM32H5xx_HAL_Driver/Src/stm32h5xx_hal_flash_ex.o
LOAD ./Drivers/STM32H5xx_HAL_Driver/Src/stm32h5xx_hal_gpio.o
LOAD ./Drivers/STM32H5xx_HAL_Driver/Src/stm32h5xx_hal_pwr.o
LOAD ./Drivers/STM32H5xx_HAL_Driver/Src/stm32h5xx_hal_pwr_ex.o
LOAD ./Drivers/STM32H5xx_HAL_Driver/Src/stm32h5xx_hal_rcc.o
LOAD ./Drivers/STM32H5xx_HAL_Driver/Src/stm32h5xx_hal_rcc_ex.o
LOAD ./Drivers/STM32H5xx_HAL_Driver/Src/stm32h5xx_hal_tim.o
LOAD ./Drivers/STM32H5xx_HAL_Driver/Src/stm32h5xx_hal_tim_ex.o
START GROUP
LOAD C:/ST/STM32CubeIDE_1.16.0/STM32CubeIDE/plugins/com.st.stm32cube.ide.mcu.externaltools.gnu-tools-for-stm32.12.3.rel1.win32_1.0.200.202406191623/tools/bin/../lib/gcc/arm-none-eabi/12.3.1/../../../../arm-none-eabi/lib/thumb/v8-m.main+fp/hard\libc_nano.a
LOAD C:/ST/STM32CubeIDE_1.16.0/STM32CubeIDE/plugins/com.st.stm32cube.ide.mcu.externaltools.gnu-tools-for-stm32.12.3.rel1.win32_1.0.200.202406191623/tools/bin/../lib/gcc/arm-none-eabi/12.3.1/../../../../arm-none-eabi/lib/thumb/v8-m.main+fp/hard\libm.a
END GROUP
START GROUP
LOAD C:/ST/STM32CubeIDE_1.16.0/STM32CubeIDE/plugins/com.st.stm32cube.ide.mcu.externaltools.gnu-tools-for-stm32.12.3.rel1.win32_1.0.200.202406191623/tools/bin/../lib/gcc/arm-none-eabi/12.3.1/thumb/v8-m.main+fp/hard\libgcc.a
LOAD C:/ST/STM32CubeIDE_1.16.0/STM32CubeIDE/plugins/com.st.stm32cube.ide.mcu.externaltools.gnu-tools-for-stm32.12.3.rel1.win32_1.0.200.202406191623/tools/bin/../lib/gcc/arm-none-eabi/12.3.1/../../../../arm-none-eabi/lib/thumb/v8-m.main+fp/hard\libc_nano.a
END GROUP
START GROUP
LOAD C:/ST/STM32CubeIDE_1.16.0/STM32CubeIDE/plugins/com.st.stm32cube.ide.mcu.externaltools.gnu-tools-for-stm32.12.3.rel1.win32_1.0.200.202406191623/tools/bin/../lib/gcc/arm-none-eabi/12.3.1/thumb/v8-m.main+fp/hard\libgcc.a
LOAD C:/ST/STM32CubeIDE_1.16.0/STM32CubeIDE/plugins/com.st.stm32cube.ide.mcu.externaltools.gnu-tools-for-stm32.12.3.rel1.win32_1.0.200.202406191623/tools/bin/../lib/gcc/arm-none-eabi/12.3.1/../../../../arm-none-eabi/lib/thumb/v8-m.main+fp/hard\libc_nano.a
LOAD C:/ST/STM32CubeIDE_1.16.0/STM32CubeIDE/plugins/com.st.stm32cube.ide.mcu.externaltools.gnu-tools-for-stm32.12.3.rel1.win32_1.0.200.202406191623/tools/bin/../lib/gcc/arm-none-eabi/12.3.1/../../../../arm-none-eabi/lib/thumb/v8-m.main+fp/hard\libnosys.a
END GROUP
START GROUP
LOAD C:/ST/STM32CubeIDE_1.16.0/STM32CubeIDE/plugins/com.st.stm32cube.ide.mcu.externaltools.gnu-tools-for-stm32.12.3.rel1.win32_1.0.200.202406191623/tools/bin/../lib/gcc/arm-none-eabi/12.3.1/thumb/v8-m.main+fp/hard\libgcc.a
LOAD C:/ST/STM32CubeIDE_1.16.0/STM32CubeIDE/plugins/com.st.stm32cube.ide.mcu.externaltools.gnu-tools-for-stm32.12.3.rel1.win32_1.0.200.202406191623/tools/bin/../lib/gcc/arm-none-eabi/12.3.1/../../../../arm-none-eabi/lib/thumb/v8-m.main+fp/hard\libc_nano.a
LOAD C:/ST/STM32CubeIDE_1.16.0/STM32CubeIDE/plugins/com.st.stm32cube.ide.mcu.externaltools.gnu-tools-for-stm32.12.3.rel1.win32_1.0.200.202406191623/tools/bin/../lib/gcc/arm-none-eabi/12.3.1/../../../../arm-none-eabi/lib/thumb/v8-m.main+fp/hard\libnosys.a
END GROUP
LOAD C:/ST/STM32CubeIDE_1.16.0/STM32CubeIDE/plugins/com.st.stm32cube.ide.mcu.externaltools.gnu-tools-for-stm32.12.3.rel1.win32_1.0.200.202406191623/tools/bin/../lib/gcc/arm-none-eabi/12.3.1/thumb/v8-m.main+fp/hard/crtend.o
LOAD C:/ST/STM32CubeIDE_1.16.0/STM32CubeIDE/plugins/com.st.stm32cube.ide.mcu.externaltools.gnu-tools-for-stm32.12.3.rel1.win32_1.0.200.202406191623/tools/bin/../lib/gcc/arm-none-eabi/12.3.1/thumb/v8-m.main+fp/hard/crtn.o
                0x200a0000                        _estack = (ORIGIN (RAM) + LENGTH (RAM))
                0x00000200                        _Min_Heap_Size = 0x200
                0x00000400                        _Min_Stack_Size = 0x400

.isr_vector     0x08000000      0x24c
                0x08000000                        . = ALIGN (0x4)
 *(.isr_vector)
 .isr_vector    0x08000000      0x24c ./Core/Startup/startup_stm32h563zitx.o
                0x08000000                g_pfnVectors
                0x0800024c                        . = ALIGN (0x4)

.text           0x0800024c     0x2780
                0x0800024c                        . = ALIGN (0x4)
 *(.text)
 .text          0x0800024c       0x40 C:/ST/STM32CubeIDE_1.16.0/STM32CubeIDE/plugins/com.st.stm32cube.ide.mcu.externaltools.gnu-tools-for-stm32.12.3.rel1.win32_1.0.200.202406191623/tools/bin/../lib/gcc/arm-none-eabi/12.3.1/thumb/v8-m.main+fp/hard/crtbegin.o
 *(.text*)
 .text.main     0x0800028c       0x16 ./Core/Src/main.o
                0x0800028c                main
 *fill*         0x080002a2        0x2 
 .text.SystemClock_Config
                0x080002a4       0xc0 ./Core/Src/main.o
                0x080002a4                SystemClock_Config
 .text.MX_TIM3_Init
                0x08000364       0xb0 ./Core/Src/main.o
 .text.MX_GPIO_Init
                0x08000414       0xd8 ./Core/Src/main.o
 .text.HAL_GPIO_EXTI_Rising_Callback
                0x080004ec       0x2c ./Core/Src/main.o
                0x080004ec                HAL_GPIO_EXTI_Rising_Callback
 .text.Error_Handler
                0x08000518        0xc ./Core/Src/main.o
                0x08000518                Error_Handler
 .text.HAL_MspInit
                0x08000524        0xe ./Core/Src/stm32h5xx_hal_msp.o
                0x08000524                HAL_MspInit
 *fill*         0x08000532        0x2 
 .text.HAL_TIM_Base_MspInit
                0x08000534       0x50 ./Core/Src/stm32h5xx_hal_msp.o
                0x08000534                HAL_TIM_Base_MspInit
 .text.NMI_Handler
                0x08000584        0x8 ./Core/Src/stm32h5xx_it.o
                0x08000584                NMI_Handler
 .text.HardFault_Handler
                0x0800058c        0x8 ./Core/Src/stm32h5xx_it.o
                0x0800058c                HardFault_Handler
 .text.MemManage_Handler
                0x08000594        0x8 ./Core/Src/stm32h5xx_it.o
                0x08000594                MemManage_Handler
 .text.BusFault_Handler
                0x0800059c        0x8 ./Core/Src/stm32h5xx_it.o
                0x0800059c                BusFault_Handler
 .text.UsageFault_Handler
                0x080005a4        0x8 ./Core/Src/stm32h5xx_it.o
                0x080005a4                UsageFault_Handler
 .text.SVC_Handler
                0x080005ac        0xe ./Core/Src/stm32h5xx_it.o
                0x080005ac                SVC_Handler
 .text.DebugMon_Handler
                0x080005ba        0xe ./Core/Src/stm32h5xx_it.o
                0x080005ba                DebugMon_Handler
 .text.PendSV_Handler
                0x080005c8        0xe ./Core/Src/stm32h5xx_it.o
                0x080005c8                PendSV_Handler
 .text.SysTick_Handler
                0x080005d6        0xc ./Core/Src/stm32h5xx_it.o
                0x080005d6                SysTick_Handler
 .text.EXTI13_IRQHandler
                0x080005e2       0x10 ./Core/Src/stm32h5xx_it.o
                0x080005e2                EXTI13_IRQHandler
 *fill*         0x080005f2        0x2 
 .text.TIM3_IRQHandler
                0x080005f4       0x14 ./Core/Src/stm32h5xx_it.o
                0x080005f4                TIM3_IRQHandler
 .text.SystemInit
                0x08000608       0xf8 ./Core/Src/system_stm32h5xx.o
                0x08000608                SystemInit
 .text.Reset_Handler
                0x08000700       0x50 ./Core/Startup/startup_stm32h563zitx.o
                0x08000700                Reset_Handler
 .text.Default_Handler
                0x08000750        0x2 ./Core/Startup/startup_stm32h563zitx.o
                0x08000750                EXTI2_IRQHandler
                0x08000750                TIM8_TRG_COM_IRQHandler
                0x08000750                TIM8_CC_IRQHandler
                0x08000750                EXTI5_IRQHandler
                0x08000750                I3C1_ER_IRQHandler
                0x08000750                UART8_IRQHandler
                0x08000750                SPI4_IRQHandler
                0x08000750                GPDMA2_Channel1_IRQHandler
                0x08000750                FLASH_S_IRQHandler
                0x08000750                TIM1_CC_IRQHandler
                0x08000750                GPDMA2_Channel3_IRQHandler
                0x08000750                TAMP_IRQHandler
                0x08000750                TIM6_IRQHandler
                0x08000750                EXTI12_IRQHandler
                0x08000750                CORDIC_IRQHandler
                0x08000750                USB_DRD_FS_IRQHandler
                0x08000750                EXTI3_IRQHandler
                0x08000750                LPTIM4_IRQHandler
                0x08000750                GPDMA1_Channel5_IRQHandler
                0x08000750                EXTI8_IRQHandler
                0x08000750                GPDMA2_Channel5_IRQHandler
                0x08000750                LPTIM2_IRQHandler
                0x08000750                I2C3_ER_IRQHandler
                0x08000750                GPDMA2_Channel2_IRQHandler
                0x08000750                USART10_IRQHandler
                0x08000750                LPTIM3_IRQHandler
                0x08000750                EXTI0_IRQHandler
                0x08000750                I2C2_EV_IRQHandler
                0x08000750                FPU_IRQHandler
                0x08000750                GPDMA1_Channel3_IRQHandler
                0x08000750                GPDMA1_Channel7_IRQHandler
                0x08000750                FDCAN1_IT1_IRQHandler
                0x08000750                RAMCFG_IRQHandler
                0x08000750                DCACHE1_IRQHandler
                0x08000750                SPI1_IRQHandler
                0x08000750                OCTOSPI1_IRQHandler
                0x08000750                GPDMA1_Channel2_IRQHandler
                0x08000750                TIM8_UP_IRQHandler
                0x08000750                RCC_S_IRQHandler
                0x08000750                SAI2_IRQHandler
                0x08000750                ADC1_IRQHandler
                0x08000750                USART6_IRQHandler
                0x08000750                EXTI15_IRQHandler
                0x08000750                TIM17_IRQHandler
                0x08000750                USART3_IRQHandler
                0x08000750                RTC_IRQHandler
                0x08000750                EXTI9_IRQHandler
                0x08000750                LPTIM5_IRQHandler
                0x08000750                UART5_IRQHandler
                0x08000750                TIM4_IRQHandler
                0x08000750                I2C1_EV_IRQHandler
                0x08000750                GPDMA1_Channel1_IRQHandler
                0x08000750                TIM16_IRQHandler
                0x08000750                UART4_IRQHandler
                0x08000750                SecureFault_Handler
                0x08000750                RCC_IRQHandler
                0x08000750                UART9_IRQHandler
                0x08000750                TIM1_TRG_COM_IRQHandler
                0x08000750                Default_Handler
                0x08000750                FMAC_IRQHandler
                0x08000750                CEC_IRQHandler
                0x08000750                USART11_IRQHandler
                0x08000750                TIM14_IRQHandler
                0x08000750                TIM13_IRQHandler
                0x08000750                GPDMA2_Channel4_IRQHandler
                0x08000750                SPI5_IRQHandler
                0x08000750                TIM12_IRQHandler
                0x08000750                TIM7_IRQHandler
                0x08000750                SDMMC1_IRQHandler
                0x08000750                TIM5_IRQHandler
                0x08000750                UCPD1_IRQHandler
                0x08000750                GPDMA1_Channel0_IRQHandler
                0x08000750                I3C1_EV_IRQHandler
                0x08000750                TIM15_IRQHandler
                0x08000750                PVD_AVD_IRQHandler
                0x08000750                I2C3_EV_IRQHandler
                0x08000750                ETH_WKUP_IRQHandler
                0x08000750                ADC2_IRQHandler
                0x08000750                SPI2_IRQHandler
                0x08000750                EXTI14_IRQHandler
                0x08000750                EXTI11_IRQHandler
                0x08000750                CRS_IRQHandler
                0x08000750                EXTI4_IRQHandler
                0x08000750                GPDMA2_Channel0_IRQHandler
                0x08000750                RTC_S_IRQHandler
                0x08000750                RNG_IRQHandler
                0x08000750                FDCAN2_IT1_IRQHandler
                0x08000750                ETH_IRQHandler
                0x08000750                GPDMA2_Channel6_IRQHandler
                0x08000750                TIM1_UP_IRQHandler
                0x08000750                UART12_IRQHandler
                0x08000750                WWDG_IRQHandler
                0x08000750                SPI6_IRQHandler
                0x08000750                I2C4_EV_IRQHandler
                0x08000750                FDCAN2_IT0_IRQHandler
                0x08000750                IWDG_IRQHandler
                0x08000750                LPUART1_IRQHandler
                0x08000750                FDCAN1_IT0_IRQHandler
                0x08000750                TIM2_IRQHandler
                0x08000750                GPDMA1_Channel4_IRQHandler
                0x08000750                EXTI7_IRQHandler
                0x08000750                TIM1_BRK_IRQHandler
                0x08000750                EXTI1_IRQHandler
                0x08000750                SDMMC2_IRQHandler
                0x08000750                LPTIM6_IRQHandler
                0x08000750                DAC1_IRQHandler
                0x08000750                DTS_IRQHandler
                0x08000750                UART7_IRQHandler
                0x08000750                GTZC_IRQHandler
                0x08000750                USART2_IRQHandler
                0x08000750                GPDMA1_Channel6_IRQHandler
                0x08000750                GPDMA2_Channel7_IRQHandler
                0x08000750                I2C2_ER_IRQHandler
                0x08000750                TIM8_BRK_IRQHandler
                0x08000750                FLASH_IRQHandler
                0x08000750                USART1_IRQHandler
                0x08000750                EXTI10_IRQHandler
                0x08000750                SPI3_IRQHandler
                0x08000750                I2C1_ER_IRQHandler
                0x08000750                FMC_IRQHandler
                0x08000750                EXTI6_IRQHandler
                0x08000750                LPTIM1_IRQHandler
                0x08000750                DCMI_PSSI_IRQHandler
                0x08000750                I2C4_ER_IRQHandler
                0x08000750                ICACHE_IRQHandler
                0x08000750                SAI1_IRQHandler
                0x08000750                HASH_IRQHandler
 *fill*         0x08000752        0x2 
 .text.HAL_Init
                0x08000754       0x50 ./Drivers/STM32H5xx_HAL_Driver/Src/stm32h5xx_hal.o
                0x08000754                HAL_Init
 .text.HAL_InitTick
                0x080007a4       0xec ./Drivers/STM32H5xx_HAL_Driver/Src/stm32h5xx_hal.o
                0x080007a4                HAL_InitTick
 .text.HAL_IncTick
                0x08000890       0x28 ./Drivers/STM32H5xx_HAL_Driver/Src/stm32h5xx_hal.o
                0x08000890                HAL_IncTick
 .text.HAL_GetTick
                0x080008b8       0x18 ./Drivers/STM32H5xx_HAL_Driver/Src/stm32h5xx_hal.o
                0x080008b8                HAL_GetTick
 .text.HAL_ResumeTick
                0x080008d0       0x20 ./Drivers/STM32H5xx_HAL_Driver/Src/stm32h5xx_hal.o
                0x080008d0                HAL_ResumeTick
 .text.__NVIC_SetPriorityGrouping
                0x080008f0       0x48 ./Drivers/STM32H5xx_HAL_Driver/Src/stm32h5xx_hal_cortex.o
 .text.__NVIC_GetPriorityGrouping
                0x08000938       0x1c ./Drivers/STM32H5xx_HAL_Driver/Src/stm32h5xx_hal_cortex.o
 .text.__NVIC_EnableIRQ
                0x08000954       0x3c ./Drivers/STM32H5xx_HAL_Driver/Src/stm32h5xx_hal_cortex.o
 .text.__NVIC_SetPriority
                0x08000990       0x54 ./Drivers/STM32H5xx_HAL_Driver/Src/stm32h5xx_hal_cortex.o
 .text.NVIC_EncodePriority
                0x080009e4       0x66 ./Drivers/STM32H5xx_HAL_Driver/Src/stm32h5xx_hal_cortex.o
 .text.HAL_NVIC_SetPriorityGrouping
                0x08000a4a       0x16 ./Drivers/STM32H5xx_HAL_Driver/Src/stm32h5xx_hal_cortex.o
                0x08000a4a                HAL_NVIC_SetPriorityGrouping
 .text.HAL_NVIC_SetPriority
                0x08000a60       0x34 ./Drivers/STM32H5xx_HAL_Driver/Src/stm32h5xx_hal_cortex.o
                0x08000a60                HAL_NVIC_SetPriority
 .text.HAL_NVIC_EnableIRQ
                0x08000a94       0x1c ./Drivers/STM32H5xx_HAL_Driver/Src/stm32h5xx_hal_cortex.o
                0x08000a94                HAL_NVIC_EnableIRQ
 .text.HAL_SYSTICK_Config
                0x08000ab0       0x44 ./Drivers/STM32H5xx_HAL_Driver/Src/stm32h5xx_hal_cortex.o
                0x08000ab0                HAL_SYSTICK_Config
 .text.HAL_SYSTICK_CLKSourceConfig
                0x08000af4       0xb0 ./Drivers/STM32H5xx_HAL_Driver/Src/stm32h5xx_hal_cortex.o
                0x08000af4                HAL_SYSTICK_CLKSourceConfig
 .text.HAL_SYSTICK_GetCLKSourceConfig
                0x08000ba4       0x6c ./Drivers/STM32H5xx_HAL_Driver/Src/stm32h5xx_hal_cortex.o
                0x08000ba4                HAL_SYSTICK_GetCLKSourceConfig
 .text.HAL_GPIO_Init
                0x08000c10      0x2a4 ./Drivers/STM32H5xx_HAL_Driver/Src/stm32h5xx_hal_gpio.o
                0x08000c10                HAL_GPIO_Init
 .text.HAL_GPIO_WritePin
                0x08000eb4       0x30 ./Drivers/STM32H5xx_HAL_Driver/Src/stm32h5xx_hal_gpio.o
                0x08000eb4                HAL_GPIO_WritePin
 .text.HAL_GPIO_EXTI_IRQHandler
                0x08000ee4       0x4c ./Drivers/STM32H5xx_HAL_Driver/Src/stm32h5xx_hal_gpio.o
                0x08000ee4                HAL_GPIO_EXTI_IRQHandler
 .text.HAL_GPIO_EXTI_Falling_Callback
                0x08000f30       0x16 ./Drivers/STM32H5xx_HAL_Driver/Src/stm32h5xx_hal_gpio.o
                0x08000f30                HAL_GPIO_EXTI_Falling_Callback
 *fill*         0x08000f46        0x2 
 .text.HAL_RCC_OscConfig
                0x08000f48      0x870 ./Drivers/STM32H5xx_HAL_Driver/Src/stm32h5xx_hal_rcc.o
                0x08000f48                HAL_RCC_OscConfig
 .text.HAL_RCC_ClockConfig
                0x080017b8      0x370 ./Drivers/STM32H5xx_HAL_Driver/Src/stm32h5xx_hal_rcc.o
                0x080017b8                HAL_RCC_ClockConfig
 .text.HAL_RCC_GetSysClockFreq
                0x08001b28      0x258 ./Drivers/STM32H5xx_HAL_Driver/Src/stm32h5xx_hal_rcc.o
                0x08001b28                HAL_RCC_GetSysClockFreq
 .text.HAL_RCC_GetHCLKFreq
                0x08001d80       0x38 ./Drivers/STM32H5xx_HAL_Driver/Src/stm32h5xx_hal_rcc.o
                0x08001d80                HAL_RCC_GetHCLKFreq
 .text.HAL_TIM_Base_Init
                0x08001db8       0xae ./Drivers/STM32H5xx_HAL_Driver/Src/stm32h5xx_hal_tim.o
                0x08001db8                HAL_TIM_Base_Init
 .text.HAL_TIM_IRQHandler
                0x08001e66      0x29e ./Drivers/STM32H5xx_HAL_Driver/Src/stm32h5xx_hal_tim.o
                0x08001e66                HAL_TIM_IRQHandler
 .text.HAL_TIM_ConfigClockSource
                0x08002104      0x23c ./Drivers/STM32H5xx_HAL_Driver/Src/stm32h5xx_hal_tim.o
                0x08002104                HAL_TIM_ConfigClockSource
 .text.HAL_TIM_PeriodElapsedCallback
                0x08002340       0x14 ./Drivers/STM32H5xx_HAL_Driver/Src/stm32h5xx_hal_tim.o
                0x08002340                HAL_TIM_PeriodElapsedCallback
 .text.HAL_TIM_OC_DelayElapsedCallback
                0x08002354       0x14 ./Drivers/STM32H5xx_HAL_Driver/Src/stm32h5xx_hal_tim.o
                0x08002354                HAL_TIM_OC_DelayElapsedCallback
 .text.HAL_TIM_IC_CaptureCallback
                0x08002368       0x14 ./Drivers/STM32H5xx_HAL_Driver/Src/stm32h5xx_hal_tim.o
                0x08002368                HAL_TIM_IC_CaptureCallback
 .text.HAL_TIM_PWM_PulseFinishedCallback
                0x0800237c       0x14 ./Drivers/STM32H5xx_HAL_Driver/Src/stm32h5xx_hal_tim.o
                0x0800237c                HAL_TIM_PWM_PulseFinishedCallback
 .text.HAL_TIM_TriggerCallback
                0x08002390       0x14 ./Drivers/STM32H5xx_HAL_Driver/Src/stm32h5xx_hal_tim.o
                0x08002390                HAL_TIM_TriggerCallback
 .text.TIM_Base_SetConfig
                0x080023a4      0x254 ./Drivers/STM32H5xx_HAL_Driver/Src/stm32h5xx_hal_tim.o
                0x080023a4                TIM_Base_SetConfig
 .text.TIM_TI1_ConfigInputStage
                0x080025f8       0x5e ./Drivers/STM32H5xx_HAL_Driver/Src/stm32h5xx_hal_tim.o
 .text.TIM_TI2_ConfigInputStage
                0x08002656       0x60 ./Drivers/STM32H5xx_HAL_Driver/Src/stm32h5xx_hal_tim.o
 .text.TIM_ITRx_SetConfig
                0x080026b6       0x3a ./Drivers/STM32H5xx_HAL_Driver/Src/stm32h5xx_hal_tim.o
 .text.TIM_ETR_SetConfig
                0x080026f0       0x40 ./Drivers/STM32H5xx_HAL_Driver/Src/stm32h5xx_hal_tim.o
                0x080026f0                TIM_ETR_SetConfig
 .text.HAL_TIMEx_MasterConfigSynchronization
                0x08002730      0x1a0 ./Drivers/STM32H5xx_HAL_Driver/Src/stm32h5xx_hal_tim_ex.o
                0x08002730                HAL_TIMEx_MasterConfigSynchronization
 .text.HAL_TIMEx_CommutCallback
                0x080028d0       0x14 ./Drivers/STM32H5xx_HAL_Driver/Src/stm32h5xx_hal_tim_ex.o
                0x080028d0                HAL_TIMEx_CommutCallback
 .text.HAL_TIMEx_BreakCallback
                0x080028e4       0x14 ./Drivers/STM32H5xx_HAL_Driver/Src/stm32h5xx_hal_tim_ex.o
                0x080028e4                HAL_TIMEx_BreakCallback
 .text.HAL_TIMEx_Break2Callback
                0x080028f8       0x14 ./Drivers/STM32H5xx_HAL_Driver/Src/stm32h5xx_hal_tim_ex.o
                0x080028f8                HAL_TIMEx_Break2Callback
 .text.HAL_TIMEx_EncoderIndexCallback
                0x0800290c       0x14 ./Drivers/STM32H5xx_HAL_Driver/Src/stm32h5xx_hal_tim_ex.o
                0x0800290c                HAL_TIMEx_EncoderIndexCallback
 .text.HAL_TIMEx_DirectionChangeCallback
                0x08002920       0x14 ./Drivers/STM32H5xx_HAL_Driver/Src/stm32h5xx_hal_tim_ex.o
                0x08002920                HAL_TIMEx_DirectionChangeCallback
 .text.HAL_TIMEx_IndexErrorCallback
                0x08002934       0x14 ./Drivers/STM32H5xx_HAL_Driver/Src/stm32h5xx_hal_tim_ex.o
                0x08002934                HAL_TIMEx_IndexErrorCallback
 .text.HAL_TIMEx_TransitionErrorCallback
                0x08002948       0x14 ./Drivers/STM32H5xx_HAL_Driver/Src/stm32h5xx_hal_tim_ex.o
                0x08002948                HAL_TIMEx_TransitionErrorCallback
 .text.memset   0x0800295c       0x10 C:/ST/STM32CubeIDE_1.16.0/STM32CubeIDE/plugins/com.st.stm32cube.ide.mcu.externaltools.gnu-tools-for-stm32.12.3.rel1.win32_1.0.200.202406191623/tools/bin/../lib/gcc/arm-none-eabi/12.3.1/../../../../arm-none-eabi/lib/thumb/v8-m.main+fp/hard\libc_nano.a(libc_a-memset.o)
                0x0800295c                memset
 .text.__libc_init_array
                0x0800296c       0x48 C:/ST/STM32CubeIDE_1.16.0/STM32CubeIDE/plugins/com.st.stm32cube.ide.mcu.externaltools.gnu-tools-for-stm32.12.3.rel1.win32_1.0.200.202406191623/tools/bin/../lib/gcc/arm-none-eabi/12.3.1/../../../../arm-none-eabi/lib/thumb/v8-m.main+fp/hard\libc_nano.a(libc_a-init.o)
                0x0800296c                __libc_init_array
 *(.glue_7)
 .glue_7        0x080029b4        0x0 linker stubs
 *(.glue_7t)
 .glue_7t       0x080029b4        0x0 linker stubs
 *(.eh_frame)
 .eh_frame      0x080029b4        0x0 C:/ST/STM32CubeIDE_1.16.0/STM32CubeIDE/plugins/com.st.stm32cube.ide.mcu.externaltools.gnu-tools-for-stm32.12.3.rel1.win32_1.0.200.202406191623/tools/bin/../lib/gcc/arm-none-eabi/12.3.1/thumb/v8-m.main+fp/hard/crtbegin.o
 *(.init)
 .init          0x080029b4        0x4 C:/ST/STM32CubeIDE_1.16.0/STM32CubeIDE/plugins/com.st.stm32cube.ide.mcu.externaltools.gnu-tools-for-stm32.12.3.rel1.win32_1.0.200.202406191623/tools/bin/../lib/gcc/arm-none-eabi/12.3.1/thumb/v8-m.main+fp/hard/crti.o
                0x080029b4                _init
 .init          0x080029b8        0x8 C:/ST/STM32CubeIDE_1.16.0/STM32CubeIDE/plugins/com.st.stm32cube.ide.mcu.externaltools.gnu-tools-for-stm32.12.3.rel1.win32_1.0.200.202406191623/tools/bin/../lib/gcc/arm-none-eabi/12.3.1/thumb/v8-m.main+fp/hard/crtn.o
 *(.fini)
 .fini          0x080029c0        0x4 C:/ST/STM32CubeIDE_1.16.0/STM32CubeIDE/plugins/com.st.stm32cube.ide.mcu.externaltools.gnu-tools-for-stm32.12.3.rel1.win32_1.0.200.202406191623/tools/bin/../lib/gcc/arm-none-eabi/12.3.1/thumb/v8-m.main+fp/hard/crti.o
                0x080029c0                _fini
 .fini          0x080029c4        0x8 C:/ST/STM32CubeIDE_1.16.0/STM32CubeIDE/plugins/com.st.stm32cube.ide.mcu.externaltools.gnu-tools-for-stm32.12.3.rel1.win32_1.0.200.202406191623/tools/bin/../lib/gcc/arm-none-eabi/12.3.1/thumb/v8-m.main+fp/hard/crtn.o
                0x080029cc                        . = ALIGN (0x4)
                0x080029cc                        _etext = .

.vfp11_veneer   0x080029cc        0x0
 .vfp11_veneer  0x080029cc        0x0 linker stubs

.v4_bx          0x080029cc        0x0
 .v4_bx         0x080029cc        0x0 linker stubs

.iplt           0x080029cc        0x0
 .iplt          0x080029cc        0x0 C:/ST/STM32CubeIDE_1.16.0/STM32CubeIDE/plugins/com.st.stm32cube.ide.mcu.externaltools.gnu-tools-for-stm32.12.3.rel1.win32_1.0.200.202406191623/tools/bin/../lib/gcc/arm-none-eabi/12.3.1/thumb/v8-m.main+fp/hard/crtbegin.o

.rodata         0x080029cc       0x10
                0x080029cc                        . = ALIGN (0x4)
 *(.rodata)
 *(.rodata*)
 .rodata.AHBPrescTable
                0x080029cc       0x10 ./Core/Src/system_stm32h5xx.o
                0x080029cc                AHBPrescTable
                0x080029dc                        . = ALIGN (0x4)

.ARM.extab      0x080029dc        0x0
                0x080029dc                        . = ALIGN (0x4)
 *(.ARM.extab* .gnu.linkonce.armextab.*)
                0x080029dc                        . = ALIGN (0x4)

.ARM            0x080029dc        0x0
                0x080029dc                        . = ALIGN (0x4)
                0x080029dc                        __exidx_start = .
 *(.ARM.exidx*)
                0x080029dc                        __exidx_end = .
                0x080029dc                        . = ALIGN (0x4)

.preinit_array  0x080029dc        0x0
                0x080029dc                        . = ALIGN (0x4)
                0x080029dc                        PROVIDE (__preinit_array_start = .)
 *(.preinit_array*)
                0x080029dc                        PROVIDE (__preinit_array_end = .)
                0x080029dc                        . = ALIGN (0x4)

.init_array     0x080029dc        0x4
                0x080029dc                        . = ALIGN (0x4)
                0x080029dc                        PROVIDE (__init_array_start = .)
 *(SORT_BY_NAME(.init_array.*))
 *(.init_array*)
 .init_array    0x080029dc        0x4 C:/ST/STM32CubeIDE_1.16.0/STM32CubeIDE/plugins/com.st.stm32cube.ide.mcu.externaltools.gnu-tools-for-stm32.12.3.rel1.win32_1.0.200.202406191623/tools/bin/../lib/gcc/arm-none-eabi/12.3.1/thumb/v8-m.main+fp/hard/crtbegin.o
                0x080029e0                        PROVIDE (__init_array_end = .)
                0x080029e0                        . = ALIGN (0x4)

.fini_array     0x080029e0        0x4
                0x080029e0                        . = ALIGN (0x4)
                [!provide]                        PROVIDE (__fini_array_start = .)
 *(SORT_BY_NAME(.fini_array.*))
 *(.fini_array*)
 .fini_array    0x080029e0        0x4 C:/ST/STM32CubeIDE_1.16.0/STM32CubeIDE/plugins/com.st.stm32cube.ide.mcu.externaltools.gnu-tools-for-stm32.12.3.rel1.win32_1.0.200.202406191623/tools/bin/../lib/gcc/arm-none-eabi/12.3.1/thumb/v8-m.main+fp/hard/crtbegin.o
                [!provide]                        PROVIDE (__fini_array_end = .)
                0x080029e4                        . = ALIGN (0x4)
                0x080029e4                        _sidata = LOADADDR (.data)

.rel.dyn        0x080029e4        0x0
 .rel.iplt      0x080029e4        0x0 C:/ST/STM32CubeIDE_1.16.0/STM32CubeIDE/plugins/com.st.stm32cube.ide.mcu.externaltools.gnu-tools-for-stm32.12.3.rel1.win32_1.0.200.202406191623/tools/bin/../lib/gcc/arm-none-eabi/12.3.1/thumb/v8-m.main+fp/hard/crtbegin.o

.data           0x20000000        0xc load address 0x080029e4
                0x20000000                        . = ALIGN (0x4)
                0x20000000                        _sdata = .
 *(.data)
 *(.data*)
 .data.SystemCoreClock
                0x20000000        0x4 ./Core/Src/system_stm32h5xx.o
                0x20000000                SystemCoreClock
 .data.uwTickPrio
                0x20000004        0x4 ./Drivers/STM32H5xx_HAL_Driver/Src/stm32h5xx_hal.o
                0x20000004                uwTickPrio
 .data.uwTickFreq
                0x20000008        0x1 ./Drivers/STM32H5xx_HAL_Driver/Src/stm32h5xx_hal.o
                0x20000008                uwTickFreq
 *(.RamFunc)
 *(.RamFunc*)
                0x2000000c                        . = ALIGN (0x4)
 *fill*         0x20000009        0x3 
                0x2000000c                        _edata = .

.igot.plt       0x2000000c        0x0 load address 0x080029f0
 .igot.plt      0x2000000c        0x0 C:/ST/STM32CubeIDE_1.16.0/STM32CubeIDE/plugins/com.st.stm32cube.ide.mcu.externaltools.gnu-tools-for-stm32.12.3.rel1.win32_1.0.200.202406191623/tools/bin/../lib/gcc/arm-none-eabi/12.3.1/thumb/v8-m.main+fp/hard/crtbegin.o
                0x2000000c                        . = ALIGN (0x4)

.bss            0x2000000c       0x70 load address 0x080029f0
                0x2000000c                        _sbss = .
                0x2000000c                        __bss_start__ = _sbss
 *(.bss)
 .bss           0x2000000c       0x1c C:/ST/STM32CubeIDE_1.16.0/STM32CubeIDE/plugins/com.st.stm32cube.ide.mcu.externaltools.gnu-tools-for-stm32.12.3.rel1.win32_1.0.200.202406191623/tools/bin/../lib/gcc/arm-none-eabi/12.3.1/thumb/v8-m.main+fp/hard/crtbegin.o
 *(.bss*)
 .bss.htim3     0x20000028       0x4c ./Core/Src/main.o
                0x20000028                htim3
 .bss.count     0x20000074        0x1 ./Core/Src/main.o
                0x20000074                count
 *fill*         0x20000075        0x3 
 .bss.uwTick    0x20000078        0x4 ./Drivers/STM32H5xx_HAL_Driver/Src/stm32h5xx_hal.o
                0x20000078                uwTick
 *(COMMON)
                0x2000007c                        . = ALIGN (0x4)
                0x2000007c                        _ebss = .
                0x2000007c                        __bss_end__ = _ebss

._user_heap_stack
                0x2000007c      0x604 load address 0x080029f0
                0x20000080                        . = ALIGN (0x8)
 *fill*         0x2000007c        0x4 
                [!provide]                        PROVIDE (end = .)
                0x20000080                        PROVIDE (_end = .)
                0x20000280                        . = (. + _Min_Heap_Size)
 *fill*         0x20000080      0x200 
                0x20000680                        . = (. + _Min_Stack_Size)
 *fill*         0x20000280      0x400 
                0x20000680                        . = ALIGN (0x8)

/DISCARD/
 libc.a(*)
 libm.a(*)
 libgcc.a(*)

.ARM.attributes
                0x00000000       0x36
 *(.ARM.attributes)
 .ARM.attributes
                0x00000000       0x26 C:/ST/STM32CubeIDE_1.16.0/STM32CubeIDE/plugins/com.st.stm32cube.ide.mcu.externaltools.gnu-tools-for-stm32.12.3.rel1.win32_1.0.200.202406191623/tools/bin/../lib/gcc/arm-none-eabi/12.3.1/thumb/v8-m.main+fp/hard/crti.o
 .ARM.attributes
                0x00000026       0x38 C:/ST/STM32CubeIDE_1.16.0/STM32CubeIDE/plugins/com.st.stm32cube.ide.mcu.externaltools.gnu-tools-for-stm32.12.3.rel1.win32_1.0.200.202406191623/tools/bin/../lib/gcc/arm-none-eabi/12.3.1/thumb/v8-m.main+fp/hard/crtbegin.o
 .ARM.attributes
                0x0000005e       0x3a ./Core/Src/main.o
 .ARM.attributes
                0x00000098       0x3a ./Core/Src/stm32h5xx_hal_msp.o
 .ARM.attributes
                0x000000d2       0x3a ./Core/Src/stm32h5xx_it.o
 .ARM.attributes
                0x0000010c       0x3a ./Core/Src/system_stm32h5xx.o
 .ARM.attributes
                0x00000146       0x24 ./Core/Startup/startup_stm32h563zitx.o
 .ARM.attributes
                0x0000016a       0x3a ./Drivers/STM32H5xx_HAL_Driver/Src/stm32h5xx_hal.o
 .ARM.attributes
                0x000001a4       0x3a ./Drivers/STM32H5xx_HAL_Driver/Src/stm32h5xx_hal_cortex.o
 .ARM.attributes
                0x000001de       0x3a ./Drivers/STM32H5xx_HAL_Driver/Src/stm32h5xx_hal_gpio.o
 .ARM.attributes
                0x00000218       0x3a ./Drivers/STM32H5xx_HAL_Driver/Src/stm32h5xx_hal_rcc.o
 .ARM.attributes
                0x00000252       0x3a ./Drivers/STM32H5xx_HAL_Driver/Src/stm32h5xx_hal_tim.o
 .ARM.attributes
                0x0000028c       0x3a ./Drivers/STM32H5xx_HAL_Driver/Src/stm32h5xx_hal_tim_ex.o
 .ARM.attributes
                0x000002c6       0x38 C:/ST/STM32CubeIDE_1.16.0/STM32CubeIDE/plugins/com.st.stm32cube.ide.mcu.externaltools.gnu-tools-for-stm32.12.3.rel1.win32_1.0.200.202406191623/tools/bin/../lib/gcc/arm-none-eabi/12.3.1/../../../../arm-none-eabi/lib/thumb/v8-m.main+fp/hard\libc_nano.a(libc_a-memset.o)
 .ARM.attributes
                0x000002fe       0x38 C:/ST/STM32CubeIDE_1.16.0/STM32CubeIDE/plugins/com.st.stm32cube.ide.mcu.externaltools.gnu-tools-for-stm32.12.3.rel1.win32_1.0.200.202406191623/tools/bin/../lib/gcc/arm-none-eabi/12.3.1/../../../../arm-none-eabi/lib/thumb/v8-m.main+fp/hard\libc_nano.a(libc_a-init.o)
 .ARM.attributes
                0x00000336       0x26 C:/ST/STM32CubeIDE_1.16.0/STM32CubeIDE/plugins/com.st.stm32cube.ide.mcu.externaltools.gnu-tools-for-stm32.12.3.rel1.win32_1.0.200.202406191623/tools/bin/../lib/gcc/arm-none-eabi/12.3.1/thumb/v8-m.main+fp/hard/crtn.o
OUTPUT(SLEEP_EXT_WAKEUP.elf elf32-littlearm)
LOAD linker stubs
LOAD C:/ST/STM32CubeIDE_1.16.0/STM32CubeIDE/plugins/com.st.stm32cube.ide.mcu.externaltools.gnu-tools-for-stm32.12.3.rel1.win32_1.0.200.202406191623/tools/bin/../lib/gcc/arm-none-eabi/12.3.1/../../../../arm-none-eabi/lib/thumb/v8-m.main+fp/hard\libc.a
LOAD C:/ST/STM32CubeIDE_1.16.0/STM32CubeIDE/plugins/com.st.stm32cube.ide.mcu.externaltools.gnu-tools-for-stm32.12.3.rel1.win32_1.0.200.202406191623/tools/bin/../lib/gcc/arm-none-eabi/12.3.1/../../../../arm-none-eabi/lib/thumb/v8-m.main+fp/hard\libm.a
LOAD C:/ST/STM32CubeIDE_1.16.0/STM32CubeIDE/plugins/com.st.stm32cube.ide.mcu.externaltools.gnu-tools-for-stm32.12.3.rel1.win32_1.0.200.202406191623/tools/bin/../lib/gcc/arm-none-eabi/12.3.1/thumb/v8-m.main+fp/hard\libgcc.a

.debug_info     0x00000000     0xd208
 .debug_info    0x00000000     0x1be6 ./Core/Src/main.o
 .debug_info    0x00001be6     0x1062 ./Core/Src/stm32h5xx_hal_msp.o
 .debug_info    0x00002c48      0x9b8 ./Core/Src/stm32h5xx_it.o
 .debug_info    0x00003600      0xd8e ./Core/Src/system_stm32h5xx.o
 .debug_info    0x0000438e       0x30 ./Core/Startup/startup_stm32h563zitx.o
 .debug_info    0x000043be     0x139f ./Drivers/STM32H5xx_HAL_Driver/Src/stm32h5xx_hal.o
 .debug_info    0x0000575d     0x1658 ./Drivers/STM32H5xx_HAL_Driver/Src/stm32h5xx_hal_cortex.o
 .debug_info    0x00006db5      0x6b6 ./Drivers/STM32H5xx_HAL_Driver/Src/stm32h5xx_hal_gpio.o
 .debug_info    0x0000746b     0x109f ./Drivers/STM32H5xx_HAL_Driver/Src/stm32h5xx_hal_rcc.o
 .debug_info    0x0000850a     0x2e54 ./Drivers/STM32H5xx_HAL_Driver/Src/stm32h5xx_hal_tim.o
 .debug_info    0x0000b35e     0x1eaa ./Drivers/STM32H5xx_HAL_Driver/Src/stm32h5xx_hal_tim_ex.o

.debug_abbrev   0x00000000     0x174d
 .debug_abbrev  0x00000000      0x2a5 ./Core/Src/main.o
 .debug_abbrev  0x000002a5      0x1d7 ./Core/Src/stm32h5xx_hal_msp.o
 .debug_abbrev  0x0000047c      0x1c4 ./Core/Src/stm32h5xx_it.o
 .debug_abbrev  0x00000640      0x13a ./Core/Src/system_stm32h5xx.o
 .debug_abbrev  0x0000077a       0x24 ./Core/Startup/startup_stm32h563zitx.o
 .debug_abbrev  0x0000079e      0x2af ./Drivers/STM32H5xx_HAL_Driver/Src/stm32h5xx_hal.o
 .debug_abbrev  0x00000a4d      0x311 ./Drivers/STM32H5xx_HAL_Driver/Src/stm32h5xx_hal_cortex.o
 .debug_abbrev  0x00000d5e      0x1db ./Drivers/STM32H5xx_HAL_Driver/Src/stm32h5xx_hal_gpio.o
 .debug_abbrev  0x00000f39      0x290 ./Drivers/STM32H5xx_HAL_Driver/Src/stm32h5xx_hal_rcc.o
 .debug_abbrev  0x000011c9      0x2bd ./Drivers/STM32H5xx_HAL_Driver/Src/stm32h5xx_hal_tim.o
 .debug_abbrev  0x00001486      0x2c7 ./Drivers/STM32H5xx_HAL_Driver/Src/stm32h5xx_hal_tim_ex.o

.debug_aranges  0x00000000      0xbb8
 .debug_aranges
                0x00000000       0x48 ./Core/Src/main.o
 .debug_aranges
                0x00000048       0x30 ./Core/Src/stm32h5xx_hal_msp.o
 .debug_aranges
                0x00000078       0x70 ./Core/Src/stm32h5xx_it.o
 .debug_aranges
                0x000000e8       0x28 ./Core/Src/system_stm32h5xx.o
 .debug_aranges
                0x00000110       0x28 ./Core/Startup/startup_stm32h563zitx.o
 .debug_aranges
                0x00000138      0x200 ./Drivers/STM32H5xx_HAL_Driver/Src/stm32h5xx_hal.o
 .debug_aranges
                0x00000338      0x140 ./Drivers/STM32H5xx_HAL_Driver/Src/stm32h5xx_hal_cortex.o
 .debug_aranges
                0x00000478       0x78 ./Drivers/STM32H5xx_HAL_Driver/Src/stm32h5xx_hal_gpio.o
 .debug_aranges
                0x000004f0       0xa0 ./Drivers/STM32H5xx_HAL_Driver/Src/stm32h5xx_hal_rcc.o
 .debug_aranges
                0x00000590      0x3e8 ./Drivers/STM32H5xx_HAL_Driver/Src/stm32h5xx_hal_tim.o
 .debug_aranges
                0x00000978      0x240 ./Drivers/STM32H5xx_HAL_Driver/Src/stm32h5xx_hal_tim_ex.o

.debug_rnglists
                0x00000000      0x908
 .debug_rnglists
                0x00000000       0x34 ./Core/Src/main.o
 .debug_rnglists
                0x00000034       0x1f ./Core/Src/stm32h5xx_hal_msp.o
 .debug_rnglists
                0x00000053       0x4f ./Core/Src/stm32h5xx_it.o
 .debug_rnglists
                0x000000a2       0x1b ./Core/Src/system_stm32h5xx.o
 .debug_rnglists
                0x000000bd       0x19 ./Core/Startup/startup_stm32h563zitx.o
 .debug_rnglists
                0x000000d6      0x17d ./Drivers/STM32H5xx_HAL_Driver/Src/stm32h5xx_hal.o
 .debug_rnglists
                0x00000253       0xec ./Drivers/STM32H5xx_HAL_Driver/Src/stm32h5xx_hal_cortex.o
 .debug_rnglists
                0x0000033f       0x57 ./Drivers/STM32H5xx_HAL_Driver/Src/stm32h5xx_hal_gpio.o
 .debug_rnglists
                0x00000396       0x79 ./Drivers/STM32H5xx_HAL_Driver/Src/stm32h5xx_hal_rcc.o
 .debug_rnglists
                0x0000040f      0x32e ./Drivers/STM32H5xx_HAL_Driver/Src/stm32h5xx_hal_tim.o
 .debug_rnglists
                0x0000073d      0x1cb ./Drivers/STM32H5xx_HAL_Driver/Src/stm32h5xx_hal_tim_ex.o

.debug_macro    0x00000000    0x301bb
 .debug_macro   0x00000000      0x263 ./Core/Src/main.o
 .debug_macro   0x00000263      0xaba ./Core/Src/main.o
 .debug_macro   0x00000d1d      0x1c4 ./Core/Src/main.o
 .debug_macro   0x00000ee1       0x22 ./Core/Src/main.o
 .debug_macro   0x00000f03       0x5b ./Core/Src/main.o
 .debug_macro   0x00000f5e       0x2a ./Core/Src/main.o
 .debug_macro   0x00000f88       0x94 ./Core/Src/main.o
 .debug_macro   0x0000101c       0x43 ./Core/Src/main.o
 .debug_macro   0x0000105f       0x34 ./Core/Src/main.o
 .debug_macro   0x00001093      0x189 ./Core/Src/main.o
 .debug_macro   0x0000121c       0x16 ./Core/Src/main.o
 .debug_macro   0x00001232       0x43 ./Core/Src/main.o
 .debug_macro   0x00001275       0x57 ./Core/Src/main.o
 .debug_macro   0x000012cc       0x34 ./Core/Src/main.o
 .debug_macro   0x00001300       0x10 ./Core/Src/main.o
 .debug_macro   0x00001310       0x58 ./Core/Src/main.o
 .debug_macro   0x00001368       0x8e ./Core/Src/main.o
 .debug_macro   0x000013f6       0x1c ./Core/Src/main.o
 .debug_macro   0x00001412      0x177 ./Core/Src/main.o
 .debug_macro   0x00001589      0x369 ./Core/Src/main.o
 .debug_macro   0x000018f2      0x19b ./Core/Src/main.o
 .debug_macro   0x00001a8d       0x28 ./Core/Src/main.o
 .debug_macro   0x00001ab5       0x49 ./Core/Src/main.o
 .debug_macro   0x00001afe      0x103 ./Core/Src/main.o
 .debug_macro   0x00001c01       0x6a ./Core/Src/main.o
 .debug_macro   0x00001c6b      0x1df ./Core/Src/main.o
 .debug_macro   0x00001e4a       0x1c ./Core/Src/main.o
 .debug_macro   0x00001e66       0x29 ./Core/Src/main.o
 .debug_macro   0x00001e8f       0xfb ./Core/Src/main.o
 .debug_macro   0x00001f8a     0x1685 ./Core/Src/main.o
 .debug_macro   0x0000360f       0x5e ./Core/Src/main.o
 .debug_macro   0x0000366d    0x211d5 ./Core/Src/main.o
 .debug_macro   0x00024842       0x6d ./Core/Src/main.o
 .debug_macro   0x000248af     0x3891 ./Core/Src/main.o
 .debug_macro   0x00028140       0x63 ./Core/Src/main.o
 .debug_macro   0x000281a3     0x1f0d ./Core/Src/main.o
 .debug_macro   0x0002a0b0      0xe96 ./Core/Src/main.o
 .debug_macro   0x0002af46      0x166 ./Core/Src/main.o
 .debug_macro   0x0002b0ac      0x30b ./Core/Src/main.o
 .debug_macro   0x0002b3b7      0x917 ./Core/Src/main.o
 .debug_macro   0x0002bcce      0x478 ./Core/Src/main.o
 .debug_macro   0x0002c146       0xd6 ./Core/Src/main.o
 .debug_macro   0x0002c21c      0x1ce ./Core/Src/main.o
 .debug_macro   0x0002c3ea      0x554 ./Core/Src/main.o
 .debug_macro   0x0002c93e      0x638 ./Core/Src/main.o
 .debug_macro   0x0002cf76       0x74 ./Core/Src/main.o
 .debug_macro   0x0002cfea      0x313 ./Core/Src/main.o
 .debug_macro   0x0002d2fd      0x1bb ./Core/Src/main.o
 .debug_macro   0x0002d4b8      0xbe8 ./Core/Src/main.o
 .debug_macro   0x0002e0a0      0x3f4 ./Core/Src/main.o
 .debug_macro   0x0002e494      0x2a7 ./Core/Src/main.o
 .debug_macro   0x0002e73b      0x47e ./Core/Src/main.o
 .debug_macro   0x0002ebb9      0x263 ./Core/Src/stm32h5xx_hal_msp.o
 .debug_macro   0x0002ee1c      0x26d ./Core/Src/stm32h5xx_it.o
 .debug_macro   0x0002f089      0x260 ./Core/Src/system_stm32h5xx.o
 .debug_macro   0x0002f2e9      0x28f ./Drivers/STM32H5xx_HAL_Driver/Src/stm32h5xx_hal.o
 .debug_macro   0x0002f578      0x259 ./Drivers/STM32H5xx_HAL_Driver/Src/stm32h5xx_hal_cortex.o
 .debug_macro   0x0002f7d1      0x28f ./Drivers/STM32H5xx_HAL_Driver/Src/stm32h5xx_hal_gpio.o
 .debug_macro   0x0002fa60      0x29b ./Drivers/STM32H5xx_HAL_Driver/Src/stm32h5xx_hal_rcc.o
 .debug_macro   0x0002fcfb      0x261 ./Drivers/STM32H5xx_HAL_Driver/Src/stm32h5xx_hal_tim.o
 .debug_macro   0x0002ff5c      0x25f ./Drivers/STM32H5xx_HAL_Driver/Src/stm32h5xx_hal_tim_ex.o

.debug_line     0x00000000     0xcc27
 .debug_line    0x00000000      0x97c ./Core/Src/main.o
 .debug_line    0x0000097c      0x889 ./Core/Src/stm32h5xx_hal_msp.o
 .debug_line    0x00001205      0x944 ./Core/Src/stm32h5xx_it.o
 .debug_line    0x00001b49      0x9d3 ./Core/Src/system_stm32h5xx.o
 .debug_line    0x0000251c       0x7b ./Core/Startup/startup_stm32h563zitx.o
 .debug_line    0x00002597      0xf5a ./Drivers/STM32H5xx_HAL_Driver/Src/stm32h5xx_hal.o
 .debug_line    0x000034f1      0xec2 ./Drivers/STM32H5xx_HAL_Driver/Src/stm32h5xx_hal_cortex.o
 .debug_line    0x000043b3      0xc4e ./Drivers/STM32H5xx_HAL_Driver/Src/stm32h5xx_hal_gpio.o
 .debug_line    0x00005001     0x12cd ./Drivers/STM32H5xx_HAL_Driver/Src/stm32h5xx_hal_rcc.o
 .debug_line    0x000062ce     0x4666 ./Drivers/STM32H5xx_HAL_Driver/Src/stm32h5xx_hal_tim.o
 .debug_line    0x0000a934     0x22f3 ./Drivers/STM32H5xx_HAL_Driver/Src/stm32h5xx_hal_tim_ex.o

.debug_str      0x00000000   0x139a52
 .debug_str     0x00000000   0x136ad9 ./Core/Src/main.o
                             0x136f00 (size before relaxing)
 .debug_str     0x00136ad9       0x76 ./Core/Src/stm32h5xx_hal_msp.o
                             0x136814 (size before relaxing)
 .debug_str     0x00136b4f      0x117 ./Core/Src/stm32h5xx_it.o
                             0x135f6a (size before relaxing)
 .debug_str     0x00136c66      0x1bd ./Core/Src/system_stm32h5xx.o
                             0x135e02 (size before relaxing)
 .debug_str     0x00136e23       0x44 ./Core/Startup/startup_stm32h563zitx.o
                                 0x8b (size before relaxing)
 .debug_str     0x00136e67      0x953 ./Drivers/STM32H5xx_HAL_Driver/Src/stm32h5xx_hal.o
                             0x136c4e (size before relaxing)
 .debug_str     0x001377ba      0x3db ./Drivers/STM32H5xx_HAL_Driver/Src/stm32h5xx_hal_cortex.o
                             0x1367dd (size before relaxing)
 .debug_str     0x00137b95      0x296 ./Drivers/STM32H5xx_HAL_Driver/Src/stm32h5xx_hal_gpio.o
                             0x135b67 (size before relaxing)
 .debug_str     0x00137e2b      0x38a ./Drivers/STM32H5xx_HAL_Driver/Src/stm32h5xx_hal_rcc.o
                             0x136347 (size before relaxing)
 .debug_str     0x001381b5      0xf84 ./Drivers/STM32H5xx_HAL_Driver/Src/stm32h5xx_hal_tim.o
                             0x136fb1 (size before relaxing)
 .debug_str     0x00139139      0x919 ./Drivers/STM32H5xx_HAL_Driver/Src/stm32h5xx_hal_tim_ex.o
                             0x136bdb (size before relaxing)

.comment        0x00000000       0x43
 .comment       0x00000000       0x43 ./Core/Src/main.o
                                 0x44 (size before relaxing)
 .comment       0x00000043       0x44 ./Core/Src/stm32h5xx_hal_msp.o
 .comment       0x00000043       0x44 ./Core/Src/stm32h5xx_it.o
 .comment       0x00000043       0x44 ./Core/Src/system_stm32h5xx.o
 .comment       0x00000043       0x44 ./Drivers/STM32H5xx_HAL_Driver/Src/stm32h5xx_hal.o
 .comment       0x00000043       0x44 ./Drivers/STM32H5xx_HAL_Driver/Src/stm32h5xx_hal_cortex.o
 .comment       0x00000043       0x44 ./Drivers/STM32H5xx_HAL_Driver/Src/stm32h5xx_hal_gpio.o
 .comment       0x00000043       0x44 ./Drivers/STM32H5xx_HAL_Driver/Src/stm32h5xx_hal_rcc.o
 .comment       0x00000043       0x44 ./Drivers/STM32H5xx_HAL_Driver/Src/stm32h5xx_hal_tim.o
 .comment       0x00000043       0x44 ./Drivers/STM32H5xx_HAL_Driver/Src/stm32h5xx_hal_tim_ex.o

.debug_frame    0x00000000     0x31e0
 .debug_frame   0x00000000       0xd4 ./Core/Src/main.o
 .debug_frame   0x000000d4       0x78 ./Core/Src/stm32h5xx_hal_msp.o
 .debug_frame   0x0000014c      0x13c ./Core/Src/stm32h5xx_it.o
 .debug_frame   0x00000288       0x60 ./Core/Src/system_stm32h5xx.o
 .debug_frame   0x000002e8      0x828 ./Drivers/STM32H5xx_HAL_Driver/Src/stm32h5xx_hal.o
 .debug_frame   0x00000b10      0x560 ./Drivers/STM32H5xx_HAL_Driver/Src/stm32h5xx_hal_cortex.o
 .debug_frame   0x00001070      0x1ec ./Drivers/STM32H5xx_HAL_Driver/Src/stm32h5xx_hal_gpio.o
 .debug_frame   0x0000125c      0x268 ./Drivers/STM32H5xx_HAL_Driver/Src/stm32h5xx_hal_rcc.o
 .debug_frame   0x000014c4     0x1260 ./Drivers/STM32H5xx_HAL_Driver/Src/stm32h5xx_hal_tim.o
 .debug_frame   0x00002724      0xa70 ./Drivers/STM32H5xx_HAL_Driver/Src/stm32h5xx_hal_tim_ex.o
 .debug_frame   0x00003194       0x20 C:/ST/STM32CubeIDE_1.16.0/STM32CubeIDE/plugins/com.st.stm32cube.ide.mcu.externaltools.gnu-tools-for-stm32.12.3.rel1.win32_1.0.200.202406191623/tools/bin/../lib/gcc/arm-none-eabi/12.3.1/../../../../arm-none-eabi/lib/thumb/v8-m.main+fp/hard\libc_nano.a(libc_a-memset.o)
 .debug_frame   0x000031b4       0x2c C:/ST/STM32CubeIDE_1.16.0/STM32CubeIDE/plugins/com.st.stm32cube.ide.mcu.externaltools.gnu-tools-for-stm32.12.3.rel1.win32_1.0.200.202406191623/tools/bin/../lib/gcc/arm-none-eabi/12.3.1/../../../../arm-none-eabi/lib/thumb/v8-m.main+fp/hard\libc_nano.a(libc_a-init.o)

.debug_line_str
                0x00000000       0x6f
 .debug_line_str
                0x00000000       0x6f ./Core/Startup/startup_stm32h563zitx.o
